Archive member included to satisfy reference by file (symbol)

.\CortexM3\ARM_GCC_541\Debug\135_motor_project.a(PWM_1.o)
                              .\CortexM3\ARM_GCC_541\Debug\main.o (PWM_1_Start)
.\CortexM3\ARM_GCC_541\Debug\135_motor_project.a(CyLib.o)
                              .\CortexM3\ARM_GCC_541\Debug\Cm3Start.o (CyHalt)
.\CortexM3\ARM_GCC_541\Debug\135_motor_project.a(cyPm.o)
                              .\CortexM3\ARM_GCC_541\Debug\135_motor_project.a(CyLib.o) (CyPmReadStatus)
.\CortexM3\ARM_GCC_541\Debug\135_motor_project.a(Control_Reg_1.o)
                              .\CortexM3\ARM_GCC_541\Debug\main.o (Control_Reg_1_Write)
.\CortexM3\ARM_GCC_541\Debug\135_motor_project.a(PWM_2.o)
                              .\CortexM3\ARM_GCC_541\Debug\main.o (PWM_2_Start)
.\CortexM3\ARM_GCC_541\Debug\135_motor_project.a(Control_Reg_2.o)
                              .\CortexM3\ARM_GCC_541\Debug\main.o (Control_Reg_2_Write)
.\CortexM3\ARM_GCC_541\Debug\135_motor_project.a(Pin_1.o)
                              .\CortexM3\ARM_GCC_541\Debug\main.o (Pin_1_ClearInterrupt)
.\CortexM3\ARM_GCC_541\Debug\135_motor_project.a(UART.o)
                              .\CortexM3\ARM_GCC_541\Debug\main.o (UART_Start)
.\CortexM3\ARM_GCC_541\Debug\135_motor_project.a(UART_IntClock.o)
                              .\CortexM3\ARM_GCC_541\Debug\135_motor_project.a(UART.o) (UART_IntClock_Start)
.\CortexM3\ARM_GCC_541\Debug\135_motor_project.a(isr_rx.o)
                              .\CortexM3\ARM_GCC_541\Debug\main.o (isr_rx_Enable)
.\CortexM3\ARM_GCC_541\Debug\135_motor_project.a(Control_Reg_3.o)
                              .\CortexM3\ARM_GCC_541\Debug\main.o (Control_Reg_3_Write)
.\CortexM3\ARM_GCC_541\Debug\135_motor_project.a(Control_Reg_4.o)
                              .\CortexM3\ARM_GCC_541\Debug\main.o (Control_Reg_4_Write)
.\CortexM3\ARM_GCC_541\Debug\135_motor_project.a(Control_Reg_6.o)
                              .\CortexM3\ARM_GCC_541\Debug\main.o (Control_Reg_6_Write)
.\CortexM3\ARM_GCC_541\Debug\135_motor_project.a(Control_Reg_5.o)
                              .\CortexM3\ARM_GCC_541\Debug\main.o (Control_Reg_5_Write)
.\CortexM3\ARM_GCC_541\Debug\135_motor_project.a(Timer_1.o)
                              .\CortexM3\ARM_GCC_541\Debug\main.o (Timer_1_Start)
.\CortexM3\ARM_GCC_541\Debug\135_motor_project.a(pulse_ready_isr.o)
                              .\CortexM3\ARM_GCC_541\Debug\main.o (pulse_ready_isr_Enable)
.\CortexM3\ARM_GCC_541\Debug\135_motor_project.a(pos_reset.o)
                              .\CortexM3\ARM_GCC_541\Debug\main.o (pos_reset_Enable)
.\CortexM3\ARM_GCC_541\Debug\135_motor_project.a(CyBootAsmGnu.o)
                              .\CortexM3\ARM_GCC_541\Debug\cyfitter_cfg.o (CyDelayCycles)
.\CortexM3\ARM_GCC_541\Debug\135_motor_project.a(CyFlash.o)
                              .\CortexM3\ARM_GCC_541\Debug\135_motor_project.a(cyPm.o) (CyFlash_SetWaitCycles)
.\CortexM3\ARM_GCC_541\Debug\135_motor_project.a(CySpc.o)
                              .\CortexM3\ARM_GCC_541\Debug\135_motor_project.a(CyFlash.o) (CySpcStart)
c:/program files (x86)/cypress/psoc creator/4.2/psoc creator/import/gnu/arm/5.4.1/bin/../lib/gcc/arm-none-eabi/5.4.1/armv7-m\libgcc.a(_arm_addsubdf3.o)
                              .\CortexM3\ARM_GCC_541\Debug\main.o (__aeabi_dsub)
c:/program files (x86)/cypress/psoc creator/4.2/psoc creator/import/gnu/arm/5.4.1/bin/../lib/gcc/arm-none-eabi/5.4.1/armv7-m\libgcc.a(_arm_muldivdf3.o)
                              .\CortexM3\ARM_GCC_541\Debug\main.o (__aeabi_ddiv)
c:/program files (x86)/cypress/psoc creator/4.2/psoc creator/import/gnu/arm/5.4.1/bin/../lib/gcc/arm-none-eabi/5.4.1/armv7-m\libgcc.a(_arm_cmpdf2.o)
                              .\CortexM3\ARM_GCC_541\Debug\main.o (__aeabi_dcmplt)
c:/program files (x86)/cypress/psoc creator/4.2/psoc creator/import/gnu/arm/5.4.1/bin/../lib/gcc/arm-none-eabi/5.4.1/armv7-m\libgcc.a(_arm_fixdfsi.o)
                              .\CortexM3\ARM_GCC_541\Debug\main.o (__aeabi_d2iz)
c:/program files (x86)/cypress/psoc creator/4.2/psoc creator/import/gnu/arm/5.4.1/bin/../lib/gcc/arm-none-eabi/5.4.1/armv7-m\libgcc.a(_arm_addsubsf3.o)
                              .\CortexM3\ARM_GCC_541\Debug\main.o (__aeabi_fsub)
c:/program files (x86)/cypress/psoc creator/4.2/psoc creator/import/gnu/arm/5.4.1/bin/../lib/gcc/arm-none-eabi/5.4.1/armv7-m\libgcc.a(_arm_muldivsf3.o)
                              .\CortexM3\ARM_GCC_541\Debug\main.o (__aeabi_fmul)
c:/program files (x86)/cypress/psoc creator/4.2/psoc creator/import/gnu/arm/5.4.1/bin/../lib/gcc/arm-none-eabi/5.4.1/armv7-m\libgcc.a(_arm_cmpsf2.o)
                              .\CortexM3\ARM_GCC_541\Debug\main.o (__aeabi_fcmpeq)
c:/program files (x86)/cypress/psoc creator/4.2/psoc creator/import/gnu/arm/5.4.1/bin/../lib/gcc/arm-none-eabi/5.4.1/../../../../arm-none-eabi/lib/armv7-m\libg_nano.a(lib_a-errno.o)
                              .\CortexM3\ARM_GCC_541\Debug\Cm3Start.o (__errno)
[...]
Memory Configuration

Name             Origin             Length             Attributes
rom              0x00000000         0x00040000         xr
ram              0x1fff8000         0x00010000         xrw
*default*        0x00000000         0xffffffff

Linker script and memory map

LOAD c:/program files (x86)/cypress/psoc creator/4.2/psoc creator/import/gnu/arm/5.4.1/bin/../lib/gcc/arm-none-eabi/5.4.1/armv7-m/crti.o
LOAD c:/program files (x86)/cypress/psoc creator/4.2/psoc creator/import/gnu/arm/5.4.1/bin/../lib/gcc/arm-none-eabi/5.4.1/armv7-m/crtbegin.o
LOAD c:/program files (x86)/cypress/psoc creator/4.2/psoc creator/import/gnu/arm/5.4.1/bin/../lib/gcc/arm-none-eabi/5.4.1/../../../../arm-none-eabi/lib/armv7-m/crt0.o
START GROUP
LOAD .\CortexM3\ARM_GCC_541\Debug\main.o
LOAD .\CortexM3\ARM_GCC_541\Debug\util.o
LOAD .\CortexM3\ARM_GCC_541\Debug\cyfitter_cfg.o
LOAD .\CortexM3\ARM_GCC_541\Debug\cymetadata.o
LOAD .\CortexM3\ARM_GCC_541\Debug\Cm3Start.o
LOAD .\CortexM3\ARM_GCC_541\Debug\135_motor_project.a
LOAD C:\Program Files (x86)\Cypress\PSoC Creator\4.2\PSoC Creator\psoc\content\cycomponentlibrary\CyComponentLibrary.cylib\CortexM3\ARM_GCC_541\Debug\CyComponentLibrary.a
END GROUP
START GROUP
LOAD c:/program files (x86)/cypress/psoc creator/4.2/psoc creator/import/gnu/arm/5.4.1/bin/../lib/gcc/arm-none-eabi/5.4.1/armv7-m\libgcc.a
LOAD c:/program files (x86)/cypress/psoc creator/4.2/psoc creator/import/gnu/arm/5.4.1/bin/../lib/gcc/arm-none-eabi/5.4.1/../../../../arm-none-eabi/lib/armv7-m\libg_nano.a
LOAD c:/program files (x86)/cypress/psoc creator/4.2/psoc creator/import/gnu/arm/5.4.1/bin/../lib/gcc/arm-none-eabi/5.4.1/../../../../arm-none-eabi/lib/armv7-m\libc_nano.a
END GROUP
START GROUP
LOAD c:/program files (x86)/cypress/psoc creator/4.2/psoc creator/import/gnu/arm/5.4.1/bin/../lib/gcc/arm-none-eabi/5.4.1/armv7-m\libgcc.a
LOAD c:/program files (x86)/cypress/psoc creator/4.2/psoc creator/import/gnu/arm/5.4.1/bin/../lib/gcc/arm-none-eabi/5.4.1/../../../../arm-none-eabi/lib/armv7-m\libc_nano.a
END GROUP
LOAD c:/program files (x86)/cypress/psoc creator/4.2/psoc creator/import/gnu/arm/5.4.1/bin/../lib/gcc/arm-none-eabi/5.4.1/armv7-m/crtend.o
LOAD c:/program files (x86)/cypress/psoc creator/4.2/psoc creator/import/gnu/arm/5.4.1/bin/../lib/gcc/arm-none-eabi/5.4.1/armv7-m/crtn.o
START GROUP
LOAD c:/program files (x86)/cypress/psoc creator/4.2/psoc creator/import/gnu/arm/5.4.1/bin/../lib/gcc/arm-none-eabi/5.4.1/armv7-m\libgcc.a
LOAD c:/program files (x86)/cypress/psoc creator/4.2/psoc creator/import/gnu/arm/5.4.1/bin/../lib/gcc/arm-none-eabi/5.4.1/../../../../arm-none-eabi/lib/armv7-m\libc.a
LOAD c:/program files (x86)/cypress/psoc creator/4.2/psoc creator/import/gnu/arm/5.4.1/bin/../lib/gcc/arm-none-eabi/5.4.1/../../../../arm-none-eabi/lib/armv7-m\libnosys.a
END GROUP
                0x00000000                CY_APPL_ORIGIN = 0x0
                0x00000100                CY_FLASH_ROW_SIZE = 0x100
                0x00000020                CY_ECC_ROW_SIZE = 0x20
                0x00000000                CY_EE_IN_BTLDR = 0x0
                0x00000000                CY_APPL_LOADABLE = 0x0
                0x00000800                CY_EE_SIZE = 0x800
                0x00000001                CY_APPL_NUM = 0x1
                0x00000001                CY_APPL_MAX = 0x1
                0x00000040                CY_METADATA_SIZE = 0x40
                0x00000000                CY_APPL_LOADABLE = 0x0
                0x00000000                CY_CHECKSUM_EXCLUDE_SIZE = ALIGN (0x0, CY_FLASH_ROW_SIZE)
                [!provide]                PROVIDE (__cy_heap_start, _end)
                0x00000001                PROVIDE (__cy_region_num, ((__cy_regions_end - __cy_regions) / 0x10))
                0x20008000                PROVIDE (__cy_stack, (ORIGIN (ram) + LENGTH (ram)))
                [!provide]                PROVIDE (__cy_heap_end, (__cy_stack - 0x800))

.cybootloader   0x00000000        0x0
 *(.cybootloader)
                0x00000000                appl1_start = CY_APPL_ORIGIN?CY_APPL_ORIGIN:ALIGN (CY_FLASH_ROW_SIZE)
                0x0001ff00                appl2_start = (appl1_start + ALIGN ((((LENGTH (rom) - appl1_start) - (0x2 * CY_FLASH_ROW_SIZE)) / 0x2), CY_FLASH_ROW_SIZE))
                0x00000000                appl_start = (CY_APPL_NUM == 0x1)?appl1_start:appl2_start
                0x00000000                ecc_offset = ((appl_start / CY_FLASH_ROW_SIZE) * CY_ECC_ROW_SIZE)
                0x00000000                ee_offset = (CY_APPL_LOADABLE && ! (CY_EE_IN_BTLDR))?((CY_EE_SIZE / CY_APPL_MAX) * (CY_APPL_NUM - 0x1)):0x0
                0x00000800                ee_size = (CY_APPL_LOADABLE && ! (CY_EE_IN_BTLDR))?(CY_EE_SIZE / CY_APPL_MAX):CY_EE_SIZE
                [!provide]                PROVIDE (CY_ECC_OFFSET, ecc_offset)

.text           0x00000000     0x41d8
 CREATE_OBJECT_SYMBOLS
                0x00000000                PROVIDE (__cy_interrupt_vector, RomVectors)
 *(.romvectors)
 .romvectors    0x00000000       0x10 .\CortexM3\ARM_GCC_541\Debug\Cm3Start.o
                0x00000000                RomVectors
                0x00000001                ASSERT ((. != __cy_interrupt_vector), No interrupt vector)
                0x00000001                ASSERT (CY_APPL_ORIGIN?(SIZEOF (.cybootloader) <= CY_APPL_ORIGIN):0x1, Wrong image location)
                0x00000010                PROVIDE (__cy_reset, Reset)
 *(.text.Reset)
 .text.Reset    0x00000010       0x18 .\CortexM3\ARM_GCC_541\Debug\Cm3Start.o
                0x00000010                Reset
                0x00000001                ASSERT ((. != __cy_reset), No reset code)
 *(.dma_init)
                0x00000001                ASSERT ((((appl_start + .) <= 0x10000) || 0x1), DMA Init must be within the first 64k of flash)
 *(.text .text.* .gnu.linkonce.t.*)
 .text          0x00000028       0x5c c:/program files (x86)/cypress/psoc creator/4.2/psoc creator/import/gnu/arm/5.4.1/bin/../lib/gcc/arm-none-eabi/5.4.1/armv7-m/crtbegin.o
 .text.isr_rx   0x00000084       0x40 .\CortexM3\ARM_GCC_541\Debug\main.o
                0x00000084                isr_rx
 .text.pulse_ready_isr
                0x000000c4       0x6c .\CortexM3\ARM_GCC_541\Debug\main.o
                0x000000c4                pulse_ready_isr
 .text.pos_reset
                0x00000130       0x14 .\CortexM3\ARM_GCC_541\Debug\main.o
                0x00000130                pos_reset
 *fill*         0x00000144        0x4 
 .text.main     0x00000148      0x284 .\CortexM3\ARM_GCC_541\Debug\main.o
                0x00000148                main
 .text._write   0x000003cc       0x1c .\CortexM3\ARM_GCC_541\Debug\util.o
                0x000003cc                _write
 .text.CyClockStartupError
                0x000003e8        0x4 .\CortexM3\ARM_GCC_541\Debug\cyfitter_cfg.o
 .text.cfg_write_bytes32
                0x000003ec       0x34 .\CortexM3\ARM_GCC_541\Debug\cyfitter_cfg.o
 .text.AnalogSetDefault
                0x00000420       0x28 .\CortexM3\ARM_GCC_541\Debug\cyfitter_cfg.o
 .text.CYMEMZERO
                0x00000448        0xc .\CortexM3\ARM_GCC_541\Debug\cyfitter_cfg.o
 .text.ClockSetup
                0x00000454       0xc4 .\CortexM3\ARM_GCC_541\Debug\cyfitter_cfg.o
 .text.CYCONFIGCPY
                0x00000518        0x8 .\CortexM3\ARM_GCC_541\Debug\cyfitter_cfg.o
 .text.cyfitter_cfg
                0x00000520      0x13c .\CortexM3\ARM_GCC_541\Debug\cyfitter_cfg.o
                0x00000520                cyfitter_cfg
 .text.IntDefaultHandler
                0x0000065c       0x10 .\CortexM3\ARM_GCC_541\Debug\Cm3Start.o
                0x0000065c                IntDefaultHandler
 .text._sbrk    0x0000066c       0x30 .\CortexM3\ARM_GCC_541\Debug\Cm3Start.o
                0x0000066c                _sbrk
 .text.Start_c  0x0000069c       0x4c .\CortexM3\ARM_GCC_541\Debug\Cm3Start.o
                0x0000069c                Start_c
 .text.initialize_psoc
                0x000006e8       0x68 .\CortexM3\ARM_GCC_541\Debug\Cm3Start.o
                0x000006e8                initialize_psoc
 .text.PWM_1_Enable
                0x00000750       0x10 .\CortexM3\ARM_GCC_541\Debug\135_motor_project.a(PWM_1.o)
                0x00000750                PWM_1_Enable
 .text.PWM_1_WriteCounter
                0x00000760        0xc .\CortexM3\ARM_GCC_541\Debug\135_motor_project.a(PWM_1.o)
                0x00000760                PWM_1_WriteCounter
 .text.PWM_1_WritePeriod
                0x0000076c        0xc .\CortexM3\ARM_GCC_541\Debug\135_motor_project.a(PWM_1.o)
                0x0000076c                PWM_1_WritePeriod
 .text.PWM_1_WriteCompare
                0x00000778        0xc .\CortexM3\ARM_GCC_541\Debug\135_motor_project.a(PWM_1.o)
                0x00000778                PWM_1_WriteCompare
 .text.PWM_1_SetInterruptMode
                0x00000784        0xc .\CortexM3\ARM_GCC_541\Debug\135_motor_project.a(PWM_1.o)
                0x00000784                PWM_1_SetInterruptMode
 .text.PWM_1_ReadStatusRegister
                0x00000790        0xc .\CortexM3\ARM_GCC_541\Debug\135_motor_project.a(PWM_1.o)
                0x00000790                PWM_1_ReadStatusRegister
 .text.PWM_1_ReadCapture
                0x0000079c        0xc .\CortexM3\ARM_GCC_541\Debug\135_motor_project.a(PWM_1.o)
                0x0000079c                PWM_1_ReadCapture
 .text.PWM_1_ClearFIFO
                0x000007a8       0x14 .\CortexM3\ARM_GCC_541\Debug\135_motor_project.a(PWM_1.o)
                0x000007a8                PWM_1_ClearFIFO
 .text.PWM_1_Init
                0x000007bc       0x50 .\CortexM3\ARM_GCC_541\Debug\135_motor_project.a(PWM_1.o)
                0x000007bc                PWM_1_Init
 .text.PWM_1_Start
                0x0000080c       0x1c .\CortexM3\ARM_GCC_541\Debug\135_motor_project.a(PWM_1.o)
                0x0000080c                PWM_1_Start
 .text.CyDelay  0x00000828       0x2c .\CortexM3\ARM_GCC_541\Debug\135_motor_project.a(CyLib.o)
                0x00000828                CyDelay
 .text.Control_Reg_1_Write
                0x00000854        0xc .\CortexM3\ARM_GCC_541\Debug\135_motor_project.a(Control_Reg_1.o)
                0x00000854                Control_Reg_1_Write
 .text.PWM_2_Enable
                0x00000860       0x10 .\CortexM3\ARM_GCC_541\Debug\135_motor_project.a(PWM_2.o)
                0x00000860                PWM_2_Enable
 .text.PWM_2_WriteCounter
                0x00000870        0xc .\CortexM3\ARM_GCC_541\Debug\135_motor_project.a(PWM_2.o)
                0x00000870                PWM_2_WriteCounter
 .text.PWM_2_WritePeriod
                0x0000087c        0xc .\CortexM3\ARM_GCC_541\Debug\135_motor_project.a(PWM_2.o)
                0x0000087c                PWM_2_WritePeriod
 .text.PWM_2_WriteCompare
                0x00000888        0xc .\CortexM3\ARM_GCC_541\Debug\135_motor_project.a(PWM_2.o)
                0x00000888                PWM_2_WriteCompare
 .text.PWM_2_SetInterruptMode
                0x00000894        0xc .\CortexM3\ARM_GCC_541\Debug\135_motor_project.a(PWM_2.o)
                0x00000894                PWM_2_SetInterruptMode
 .text.PWM_2_ReadStatusRegister
                0x000008a0        0xc .\CortexM3\ARM_GCC_541\Debug\135_motor_project.a(PWM_2.o)
                0x000008a0                PWM_2_ReadStatusRegister
 .text.PWM_2_ReadCapture
                0x000008ac        0xc .\CortexM3\ARM_GCC_541\Debug\135_motor_project.a(PWM_2.o)
                0x000008ac                PWM_2_ReadCapture
 .text.PWM_2_ClearFIFO
                0x000008b8       0x14 .\CortexM3\ARM_GCC_541\Debug\135_motor_project.a(PWM_2.o)
                0x000008b8                PWM_2_ClearFIFO
 .text.PWM_2_Init
                0x000008cc       0x54 .\CortexM3\ARM_GCC_541\Debug\135_motor_project.a(PWM_2.o)
                0x000008cc                PWM_2_Init
 .text.PWM_2_Start
                0x00000920       0x1c .\CortexM3\ARM_GCC_541\Debug\135_motor_project.a(PWM_2.o)
                0x00000920                PWM_2_Start
 .text.Control_Reg_2_Write
                0x0000093c        0xc .\CortexM3\ARM_GCC_541\Debug\135_motor_project.a(Control_Reg_2.o)
                0x0000093c                Control_Reg_2_Write
 .text.Pin_1_ClearInterrupt
                0x00000948       0x10 .\CortexM3\ARM_GCC_541\Debug\135_motor_project.a(Pin_1.o)
                0x00000948                Pin_1_ClearInterrupt
 .text.UART_Init
                0x00000958       0x28 .\CortexM3\ARM_GCC_541\Debug\135_motor_project.a(UART.o)
                0x00000958                UART_Init
 .text.UART_Enable
                0x00000980       0x38 .\CortexM3\ARM_GCC_541\Debug\135_motor_project.a(UART.o)
                0x00000980                UART_Enable
 .text.UART_Start
                0x000009b8       0x1c .\CortexM3\ARM_GCC_541\Debug\135_motor_project.a(UART.o)
                0x000009b8                UART_Start
 .text.UART_GetChar
                0x000009d4       0x2c .\CortexM3\ARM_GCC_541\Debug\135_motor_project.a(UART.o)
                0x000009d4                UART_GetChar
 .text.UART_PutChar
                0x00000a00       0x18 .\CortexM3\ARM_GCC_541\Debug\135_motor_project.a(UART.o)
                0x00000a00                UART_PutChar
 .text.UART_IntClock_Start
                0x00000a18       0x1c .\CortexM3\ARM_GCC_541\Debug\135_motor_project.a(UART_IntClock.o)
                0x00000a18                UART_IntClock_Start
 .text.isr_rx_SetVector
                0x00000a34        0xc .\CortexM3\ARM_GCC_541\Debug\135_motor_project.a(isr_rx.o)
                0x00000a34                isr_rx_SetVector
 .text.isr_rx_SetPriority
                0x00000a40       0x10 .\CortexM3\ARM_GCC_541\Debug\135_motor_project.a(isr_rx.o)
                0x00000a40                isr_rx_SetPriority
 .text.isr_rx_Enable
                0x00000a50        0xc .\CortexM3\ARM_GCC_541\Debug\135_motor_project.a(isr_rx.o)
                0x00000a50                isr_rx_Enable
 .text.isr_rx_Disable
                0x00000a5c        0xc .\CortexM3\ARM_GCC_541\Debug\135_motor_project.a(isr_rx.o)
                0x00000a5c                isr_rx_Disable
 .text.isr_rx_StartEx
                0x00000a68       0x1c .\CortexM3\ARM_GCC_541\Debug\135_motor_project.a(isr_rx.o)
                0x00000a68                isr_rx_StartEx
 .text.Control_Reg_3_Write
                0x00000a84        0xc .\CortexM3\ARM_GCC_541\Debug\135_motor_project.a(Control_Reg_3.o)
                0x00000a84                Control_Reg_3_Write
 .text.Control_Reg_4_Write
                0x00000a90        0xc .\CortexM3\ARM_GCC_541\Debug\135_motor_project.a(Control_Reg_4.o)
                0x00000a90                Control_Reg_4_Write
 .text.Control_Reg_6_Write
                0x00000a9c        0xc .\CortexM3\ARM_GCC_541\Debug\135_motor_project.a(Control_Reg_6.o)
                0x00000a9c                Control_Reg_6_Write
 .text.Control_Reg_5_Write
                0x00000aa8        0xc .\CortexM3\ARM_GCC_541\Debug\135_motor_project.a(Control_Reg_5.o)
                0x00000aa8                Control_Reg_5_Write
 .text.Timer_1_Enable
                0x00000ab4       0x28 .\CortexM3\ARM_GCC_541\Debug\135_motor_project.a(Timer_1.o)
                0x00000ab4                Timer_1_Enable
 .text.Timer_1_SetInterruptMode
                0x00000adc        0xc .\CortexM3\ARM_GCC_541\Debug\135_motor_project.a(Timer_1.o)
                0x00000adc                Timer_1_SetInterruptMode
 .text.Timer_1_WritePeriod
                0x00000ae8        0xc .\CortexM3\ARM_GCC_541\Debug\135_motor_project.a(Timer_1.o)
                0x00000ae8                Timer_1_WritePeriod
 .text.Timer_1_WriteCounter
                0x00000af4        0xc .\CortexM3\ARM_GCC_541\Debug\135_motor_project.a(Timer_1.o)
                0x00000af4                Timer_1_WriteCounter
 .text.Timer_1_Init
                0x00000b00       0x68 .\CortexM3\ARM_GCC_541\Debug\135_motor_project.a(Timer_1.o)
                0x00000b00                Timer_1_Init
 .text.Timer_1_Start
                0x00000b68       0x1c .\CortexM3\ARM_GCC_541\Debug\135_motor_project.a(Timer_1.o)
                0x00000b68                Timer_1_Start
 .text.pulse_ready_isr_SetVector
                0x00000b84        0xc .\CortexM3\ARM_GCC_541\Debug\135_motor_project.a(pulse_ready_isr.o)
                0x00000b84                pulse_ready_isr_SetVector
 .text.pulse_ready_isr_SetPriority
                0x00000b90       0x10 .\CortexM3\ARM_GCC_541\Debug\135_motor_project.a(pulse_ready_isr.o)
                0x00000b90                pulse_ready_isr_SetPriority
 .text.pulse_ready_isr_Enable
                0x00000ba0        0xc .\CortexM3\ARM_GCC_541\Debug\135_motor_project.a(pulse_ready_isr.o)
                0x00000ba0                pulse_ready_isr_Enable
 .text.pulse_ready_isr_Disable
                0x00000bac        0xc .\CortexM3\ARM_GCC_541\Debug\135_motor_project.a(pulse_ready_isr.o)
                0x00000bac                pulse_ready_isr_Disable
 .text.pulse_ready_isr_StartEx
                0x00000bb8       0x1c .\CortexM3\ARM_GCC_541\Debug\135_motor_project.a(pulse_ready_isr.o)
                0x00000bb8                pulse_ready_isr_StartEx
 .text.pos_reset_SetVector
                0x00000bd4        0xc .\CortexM3\ARM_GCC_541\Debug\135_motor_project.a(pos_reset.o)
                0x00000bd4                pos_reset_SetVector
 .text.pos_reset_SetPriority
                0x00000be0       0x10 .\CortexM3\ARM_GCC_541\Debug\135_motor_project.a(pos_reset.o)
                0x00000be0                pos_reset_SetPriority
 .text.pos_reset_Enable
                0x00000bf0        0xc .\CortexM3\ARM_GCC_541\Debug\135_motor_project.a(pos_reset.o)
                0x00000bf0                pos_reset_Enable
 .text.pos_reset_Disable
                0x00000bfc        0xc .\CortexM3\ARM_GCC_541\Debug\135_motor_project.a(pos_reset.o)
                0x00000bfc                pos_reset_Disable
 .text.pos_reset_StartEx
                0x00000c08       0x1c .\CortexM3\ARM_GCC_541\Debug\135_motor_project.a(pos_reset.o)
                0x00000c08                pos_reset_StartEx
 *fill*         0x00000c24        0x4 
 .text          0x00000c28       0x20 .\CortexM3\ARM_GCC_541\Debug\135_motor_project.a(CyBootAsmGnu.o)
                0x00000c28                CyDelayCycles
                0x00000c38                CyEnterCriticalSection
                0x00000c40                CyExitCriticalSection
 .text          0x00000c48      0x370 c:/program files (x86)/cypress/psoc creator/4.2/psoc creator/import/gnu/arm/5.4.1/bin/../lib/gcc/arm-none-eabi/5.4.1/armv7-m\libgcc.a(_arm_addsubdf3.o)
                0x00000c48                __aeabi_drsub
                0x00000c50                __aeabi_dsub
                0x00000c50                __subdf3
                0x00000c54                __aeabi_dadd
                0x00000c54                __adddf3
                0x00000ecc                __floatunsidf
                0x00000ecc                __aeabi_ui2d
                0x00000eec                __floatsidf
                0x00000eec                __aeabi_i2d
                0x00000f10                __aeabi_f2d
                0x00000f10                __extendsfdf2
                0x00000f4c                __floatundidf
                0x00000f4c                __aeabi_ul2d
                0x00000f5c                __floatdidf
                0x00000f5c                __aeabi_l2d
 .text          0x00000fb8      0x424 c:/program files (x86)/cypress/psoc creator/4.2/psoc creator/import/gnu/arm/5.4.1/bin/../lib/gcc/arm-none-eabi/5.4.1/armv7-m\libgcc.a(_arm_muldivdf3.o)
                0x00000fb8                __aeabi_dmul
                0x00000fb8                __muldf3
                0x0000120c                __divdf3
                0x0000120c                __aeabi_ddiv
 .text          0x000013dc      0x110 c:/program files (x86)/cypress/psoc creator/4.2/psoc creator/import/gnu/arm/5.4.1/bin/../lib/gcc/arm-none-eabi/5.4.1/armv7-m\libgcc.a(_arm_cmpdf2.o)
                0x000013dc                __gtdf2
                0x000013dc                __gedf2
                0x000013e4                __ltdf2
                0x000013e4                __ledf2
                0x000013ec                __nedf2
                0x000013ec                __eqdf2
                0x000013ec                __cmpdf2
                0x00001468                __aeabi_cdrcmple
                0x00001478                __aeabi_cdcmpeq
                0x00001478                __aeabi_cdcmple
                0x00001488                __aeabi_dcmpeq
                0x0000149c                __aeabi_dcmplt
                0x000014b0                __aeabi_dcmple
                0x000014c4                __aeabi_dcmpge
                0x000014d8                __aeabi_dcmpgt
 .text          0x000014ec       0x50 c:/program files (x86)/cypress/psoc creator/4.2/psoc creator/import/gnu/arm/5.4.1/bin/../lib/gcc/arm-none-eabi/5.4.1/armv7-m\libgcc.a(_arm_fixdfsi.o)
                0x000014ec                __aeabi_d2iz
                0x000014ec                __fixdfsi
 .text          0x0000153c      0x21c c:/program files (x86)/cypress/psoc creator/4.2/psoc creator/import/gnu/arm/5.4.1/bin/../lib/gcc/arm-none-eabi/5.4.1/armv7-m\libgcc.a(_arm_addsubsf3.o)
                0x0000153c                __aeabi_frsub
                0x00001544                __subsf3
                0x00001544                __aeabi_fsub
                0x00001548                __aeabi_fadd
                0x00001548                __addsf3
                0x000016a8                __aeabi_ui2f
                0x000016a8                __floatunsisf
                0x000016b0                __aeabi_i2f
                0x000016b0                __floatsisf
                0x000016cc                __aeabi_ul2f
                0x000016cc                __floatundisf
                0x000016dc                __aeabi_l2f
                0x000016dc                __floatdisf
 .text          0x00001758      0x2a0 c:/program files (x86)/cypress/psoc creator/4.2/psoc creator/import/gnu/arm/5.4.1/bin/../lib/gcc/arm-none-eabi/5.4.1/armv7-m\libgcc.a(_arm_muldivsf3.o)
                0x00001758                __mulsf3
                0x00001758                __aeabi_fmul
                0x000018c0                __aeabi_fdiv
                0x000018c0                __divsf3
 .text          0x000019f8       0xec c:/program files (x86)/cypress/psoc creator/4.2/psoc creator/import/gnu/arm/5.4.1/bin/../lib/gcc/arm-none-eabi/5.4.1/armv7-m\libgcc.a(_arm_cmpsf2.o)
                0x000019f8                __gesf2
                0x000019f8                __gtsf2
                0x00001a00                __lesf2
                0x00001a00                __ltsf2
                0x00001a08                __nesf2
                0x00001a08                __eqsf2
                0x00001a08                __cmpsf2
                0x00001a68                __aeabi_cfrcmple
                0x00001a70                __aeabi_cfcmpeq
                0x00001a70                __aeabi_cfcmple
                0x00001a80                __aeabi_fcmpeq
                0x00001a94                __aeabi_fcmplt
                0x00001aa8                __aeabi_fcmple
                0x00001abc                __aeabi_fcmpge
                0x00001ad0                __aeabi_fcmpgt
 .text.__errno  0x00001ae4        0xc c:/program files (x86)/cypress/psoc creator/4.2/psoc creator/import/gnu/arm/5.4.1/bin/../lib/gcc/arm-none-eabi/5.4.1/../../../../arm-none-eabi/lib/armv7-m\libg_nano.a(lib_a-errno.o)
                0x00001ae4                __errno
 .text.__libc_init_array
                0x00001af0       0x4c c:/program files (x86)/cypress/psoc creator/4.2/psoc creator/import/gnu/arm/5.4.1/bin/../lib/gcc/arm-none-eabi/5.4.1/../../../../arm-none-eabi/lib/armv7-m\libg_nano.a(lib_a-init.o)
                0x00001af0                __libc_init_array
 .text.memcpy   0x00001b3c       0x16 c:/program files (x86)/cypress/psoc creator/4.2/psoc creator/import/gnu/arm/5.4.1/bin/../lib/gcc/arm-none-eabi/5.4.1/../../../../arm-none-eabi/lib/armv7-m\libg_nano.a(lib_a-memcpy-stub.o)
                0x00001b3c                memcpy
 .text.memset   0x00001b52       0x10 c:/program files (x86)/cypress/psoc creator/4.2/psoc creator/import/gnu/arm/5.4.1/bin/../lib/gcc/arm-none-eabi/5.4.1/../../../../arm-none-eabi/lib/armv7-m\libg_nano.a(lib_a-memset.o)
                0x00001b52                memset
 .text.__cvt    0x00001b62       0xc0 c:/program files (x86)/cypress/psoc creator/4.2/psoc creator/import/gnu/arm/5.4.1/bin/../lib/gcc/arm-none-eabi/5.4.1/../../../../arm-none-eabi/lib/armv7-m\libg_nano.a(lib_a-nano-vfprintf_float.o)
                0x00001b62                __cvt
 .text.__exponent
                0x00001c22       0x62 c:/program files (x86)/cypress/psoc creator/4.2/psoc creator/import/gnu/arm/5.4.1/bin/../lib/gcc/arm-none-eabi/5.4.1/../../../../arm-none-eabi/lib/armv7-m\libg_nano.a(lib_a-nano-vfprintf_float.o)
                0x00001c22                __exponent
 .text._printf_float
                0x00001c84      0x488 c:/program files (x86)/cypress/psoc creator/4.2/psoc creator/import/gnu/arm/5.4.1/bin/../lib/gcc/arm-none-eabi/5.4.1/../../../../arm-none-eabi/lib/armv7-m\libg_nano.a(lib_a-nano-vfprintf_float.o)
                0x00001c84                _printf_float
 .text._printf_common
                0x0000210c       0xec c:/program files (x86)/cypress/psoc creator/4.2/psoc creator/import/gnu/arm/5.4.1/bin/../lib/gcc/arm-none-eabi/5.4.1/../../../../arm-none-eabi/lib/armv7-m\libg_nano.a(lib_a-nano-vfprintf_i.o)
                0x0000210c                _printf_common
 .text._printf_i
                0x000021f8      0x24c c:/program files (x86)/cypress/psoc creator/4.2/psoc creator/import/gnu/arm/5.4.1/bin/../lib/gcc/arm-none-eabi/5.4.1/../../../../arm-none-eabi/lib/armv7-m\libg_nano.a(lib_a-nano-vfprintf_i.o)
                0x000021f8                _printf_i
 .text.printf   0x00002444       0x30 c:/program files (x86)/cypress/psoc creator/4.2/psoc creator/import/gnu/arm/5.4.1/bin/../lib/gcc/arm-none-eabi/5.4.1/../../../../arm-none-eabi/lib/armv7-m\libg_nano.a(lib_a-printf.o)
                0x00002444                iprintf
                0x00002444                printf
 .text          0x00002474       0x10 c:/program files (x86)/cypress/psoc creator/4.2/psoc creator/import/gnu/arm/5.4.1/bin/../lib/gcc/arm-none-eabi/5.4.1/../../../../arm-none-eabi/lib/armv7-m\libg_nano.a(lib_a-strlen.o)
                0x00002474                strlen
 .text.quorem   0x00002484      0x116 c:/program files (x86)/cypress/psoc creator/4.2/psoc creator/import/gnu/arm/5.4.1/bin/../lib/gcc/arm-none-eabi/5.4.1/../../../../arm-none-eabi/lib/armv7-m\libg_nano.a(lib_a-dtoa.o)
 *fill*         0x0000259a        0x6 
 .text._dtoa_r  0x000025a0      0xb30 c:/program files (x86)/cypress/psoc creator/4.2/psoc creator/import/gnu/arm/5.4.1/bin/../lib/gcc/arm-none-eabi/5.4.1/../../../../arm-none-eabi/lib/armv7-m\libg_nano.a(lib_a-dtoa.o)
                0x000025a0                _dtoa_r
 .text._cleanup_r
                0x000030d0        0xc c:/program files (x86)/cypress/psoc creator/4.2/psoc creator/import/gnu/arm/5.4.1/bin/../lib/gcc/arm-none-eabi/5.4.1/../../../../arm-none-eabi/lib/armv7-m\libg_nano.a(lib_a-findfp.o)
                0x000030d0                _cleanup_r
 .text.std.isra.0
                0x000030dc       0x48 c:/program files (x86)/cypress/psoc creator/4.2/psoc creator/import/gnu/arm/5.4.1/bin/../lib/gcc/arm-none-eabi/5.4.1/../../../../arm-none-eabi/lib/armv7-m\libg_nano.a(lib_a-findfp.o)
 .text.__sfmoreglue
                0x00003124       0x2c c:/program files (x86)/cypress/psoc creator/4.2/psoc creator/import/gnu/arm/5.4.1/bin/../lib/gcc/arm-none-eabi/5.4.1/../../../../arm-none-eabi/lib/armv7-m\libg_nano.a(lib_a-findfp.o)
                0x00003124                __sfmoreglue
 .text.__sinit  0x00003150       0x60 c:/program files (x86)/cypress/psoc creator/4.2/psoc creator/import/gnu/arm/5.4.1/bin/../lib/gcc/arm-none-eabi/5.4.1/../../../../arm-none-eabi/lib/armv7-m\libg_nano.a(lib_a-findfp.o)
                0x00003150                __sinit
 .text.__sfp    0x000031b0       0x78 c:/program files (x86)/cypress/psoc creator/4.2/psoc creator/import/gnu/arm/5.4.1/bin/../lib/gcc/arm-none-eabi/5.4.1/../../../../arm-none-eabi/lib/armv7-m\libg_nano.a(lib_a-findfp.o)
                0x000031b0                __sfp
 .text._fwalk_reent
                0x00003228       0x3c c:/program files (x86)/cypress/psoc creator/4.2/psoc creator/import/gnu/arm/5.4.1/bin/../lib/gcc/arm-none-eabi/5.4.1/../../../../arm-none-eabi/lib/armv7-m\libg_nano.a(lib_a-fwalk.o)
                0x00003228                _fwalk_reent
 .text._localeconv_r
                0x00003264        0x8 c:/program files (x86)/cypress/psoc creator/4.2/psoc creator/import/gnu/arm/5.4.1/bin/../lib/gcc/arm-none-eabi/5.4.1/../../../../arm-none-eabi/lib/armv7-m\libg_nano.a(lib_a-locale.o)
                0x00003264                _localeconv_r
 .text.malloc   0x0000326c       0x10 c:/program files (x86)/cypress/psoc creator/4.2/psoc creator/import/gnu/arm/5.4.1/bin/../lib/gcc/arm-none-eabi/5.4.1/../../../../arm-none-eabi/lib/armv7-m\libg_nano.a(lib_a-malloc.o)
                0x0000326c                malloc
 .text.memchr   0x0000327c       0x1c c:/program files (x86)/cypress/psoc creator/4.2/psoc creator/import/gnu/arm/5.4.1/bin/../lib/gcc/arm-none-eabi/5.4.1/../../../../arm-none-eabi/lib/armv7-m\libg_nano.a(lib_a-memchr-stub.o)
                0x0000327c                memchr
 .text._Balloc  0x00003298       0x6a c:/program files (x86)/cypress/psoc creator/4.2/psoc creator/import/gnu/arm/5.4.1/bin/../lib/gcc/arm-none-eabi/5.4.1/../../../../arm-none-eabi/lib/armv7-m\libg_nano.a(lib_a-mprec.o)
                0x00003298                _Balloc
 .text._Bfree   0x00003302       0x2e c:/program files (x86)/cypress/psoc creator/4.2/psoc creator/import/gnu/arm/5.4.1/bin/../lib/gcc/arm-none-eabi/5.4.1/../../../../arm-none-eabi/lib/armv7-m\libg_nano.a(lib_a-mprec.o)
                0x00003302                _Bfree
 .text.__multadd
                0x00003330       0x76 c:/program files (x86)/cypress/psoc creator/4.2/psoc creator/import/gnu/arm/5.4.1/bin/../lib/gcc/arm-none-eabi/5.4.1/../../../../arm-none-eabi/lib/armv7-m\libg_nano.a(lib_a-mprec.o)
                0x00003330                __multadd
 .text.__hi0bits
                0x000033a6       0x40 c:/program files (x86)/cypress/psoc creator/4.2/psoc creator/import/gnu/arm/5.4.1/bin/../lib/gcc/arm-none-eabi/5.4.1/../../../../arm-none-eabi/lib/armv7-m\libg_nano.a(lib_a-mprec.o)
                0x000033a6                __hi0bits
 .text.__lo0bits
                0x000033e6       0x5a c:/program files (x86)/cypress/psoc creator/4.2/psoc creator/import/gnu/arm/5.4.1/bin/../lib/gcc/arm-none-eabi/5.4.1/../../../../arm-none-eabi/lib/armv7-m\libg_nano.a(lib_a-mprec.o)
                0x000033e6                __lo0bits
 .text.__i2b    0x00003440       0x12 c:/program files (x86)/cypress/psoc creator/4.2/psoc creator/import/gnu/arm/5.4.1/bin/../lib/gcc/arm-none-eabi/5.4.1/../../../../arm-none-eabi/lib/armv7-m\libg_nano.a(lib_a-mprec.o)
                0x00003440                __i2b
 .text.__multiply
                0x00003452      0x120 c:/program files (x86)/cypress/psoc creator/4.2/psoc creator/import/gnu/arm/5.4.1/bin/../lib/gcc/arm-none-eabi/5.4.1/../../../../arm-none-eabi/lib/armv7-m\libg_nano.a(lib_a-mprec.o)
                0x00003452                __multiply
 *fill*         0x00003572        0x2 
 .text.__pow5mult
                0x00003574       0x9c c:/program files (x86)/cypress/psoc creator/4.2/psoc creator/import/gnu/arm/5.4.1/bin/../lib/gcc/arm-none-eabi/5.4.1/../../../../arm-none-eabi/lib/armv7-m\libg_nano.a(lib_a-mprec.o)
                0x00003574                __pow5mult
 .text.__lshift
                0x00003610       0xa2 c:/program files (x86)/cypress/psoc creator/4.2/psoc creator/import/gnu/arm/5.4.1/bin/../lib/gcc/arm-none-eabi/5.4.1/../../../../arm-none-eabi/lib/armv7-m\libg_nano.a(lib_a-mprec.o)
                0x00003610                __lshift
 .text.__mcmp   0x000036b2       0x38 c:/program files (x86)/cypress/psoc creator/4.2/psoc creator/import/gnu/arm/5.4.1/bin/../lib/gcc/arm-none-eabi/5.4.1/../../../../arm-none-eabi/lib/armv7-m\libg_nano.a(lib_a-mprec.o)
                0x000036b2                __mcmp
 .text.__mdiff  0x000036ea       0xbe c:/program files (x86)/cypress/psoc creator/4.2/psoc creator/import/gnu/arm/5.4.1/bin/../lib/gcc/arm-none-eabi/5.4.1/../../../../arm-none-eabi/lib/armv7-m\libg_nano.a(lib_a-mprec.o)
                0x000036ea                __mdiff
 .text.__d2b    0x000037a8       0x9c c:/program files (x86)/cypress/psoc creator/4.2/psoc creator/import/gnu/arm/5.4.1/bin/../lib/gcc/arm-none-eabi/5.4.1/../../../../arm-none-eabi/lib/armv7-m\libg_nano.a(lib_a-mprec.o)
                0x000037a8                __d2b
 .text._calloc_r
                0x00003844       0x1c c:/program files (x86)/cypress/psoc creator/4.2/psoc creator/import/gnu/arm/5.4.1/bin/../lib/gcc/arm-none-eabi/5.4.1/../../../../arm-none-eabi/lib/armv7-m\libg_nano.a(lib_a-nano-callocr.o)
                0x00003844                _calloc_r
 .text._free_r  0x00003860       0x98 c:/program files (x86)/cypress/psoc creator/4.2/psoc creator/import/gnu/arm/5.4.1/bin/../lib/gcc/arm-none-eabi/5.4.1/../../../../arm-none-eabi/lib/armv7-m\libg_nano.a(lib_a-nano-freer.o)
                0x00003860                _free_r
 .text._malloc_r
                0x000038f8       0xbc c:/program files (x86)/cypress/psoc creator/4.2/psoc creator/import/gnu/arm/5.4.1/bin/../lib/gcc/arm-none-eabi/5.4.1/../../../../arm-none-eabi/lib/armv7-m\libg_nano.a(lib_a-nano-mallocr.o)
                0x000038f8                _malloc_r
 .text.__sfputc_r
                0x000039b4       0x2c c:/program files (x86)/cypress/psoc creator/4.2/psoc creator/import/gnu/arm/5.4.1/bin/../lib/gcc/arm-none-eabi/5.4.1/../../../../arm-none-eabi/lib/armv7-m\libg_nano.a(lib_a-nano-vfprintf.o)
 .text.__sfputs_r
                0x000039e0       0x24 c:/program files (x86)/cypress/psoc creator/4.2/psoc creator/import/gnu/arm/5.4.1/bin/../lib/gcc/arm-none-eabi/5.4.1/../../../../arm-none-eabi/lib/armv7-m\libg_nano.a(lib_a-nano-vfprintf.o)
                0x000039e0                __sfputs_r
 .text._vfprintf_r
                0x00003a04      0x238 c:/program files (x86)/cypress/psoc creator/4.2/psoc creator/import/gnu/arm/5.4.1/bin/../lib/gcc/arm-none-eabi/5.4.1/../../../../arm-none-eabi/lib/armv7-m\libg_nano.a(lib_a-nano-vfprintf.o)
                0x00003a04                _vfprintf_r
                0x00003a04                _vfiprintf_r
 .text._sbrk_r  0x00003c3c       0x20 c:/program files (x86)/cypress/psoc creator/4.2/psoc creator/import/gnu/arm/5.4.1/bin/../lib/gcc/arm-none-eabi/5.4.1/../../../../arm-none-eabi/lib/armv7-m\libg_nano.a(lib_a-sbrkr.o)
                0x00003c3c                _sbrk_r
 .text.__sread  0x00003c5c       0x22 c:/program files (x86)/cypress/psoc creator/4.2/psoc creator/import/gnu/arm/5.4.1/bin/../lib/gcc/arm-none-eabi/5.4.1/../../../../arm-none-eabi/lib/armv7-m\libg_nano.a(lib_a-stdio.o)
                0x00003c5c                __sread
 .text.__swrite
                0x00003c7e       0x38 c:/program files (x86)/cypress/psoc creator/4.2/psoc creator/import/gnu/arm/5.4.1/bin/../lib/gcc/arm-none-eabi/5.4.1/../../../../arm-none-eabi/lib/armv7-m\libg_nano.a(lib_a-stdio.o)
                0x00003c7e                __swrite
 .text.__sseek  0x00003cb6       0x24 c:/program files (x86)/cypress/psoc creator/4.2/psoc creator/import/gnu/arm/5.4.1/bin/../lib/gcc/arm-none-eabi/5.4.1/../../../../arm-none-eabi/lib/armv7-m\libg_nano.a(lib_a-stdio.o)
                0x00003cb6                __sseek
 .text.__sclose
                0x00003cda        0x8 c:/program files (x86)/cypress/psoc creator/4.2/psoc creator/import/gnu/arm/5.4.1/bin/../lib/gcc/arm-none-eabi/5.4.1/../../../../arm-none-eabi/lib/armv7-m\libg_nano.a(lib_a-stdio.o)
                0x00003cda                __sclose
 *fill*         0x00003ce2        0x2 
 .text.__swbuf_r
                0x00003ce4       0xa8 c:/program files (x86)/cypress/psoc creator/4.2/psoc creator/import/gnu/arm/5.4.1/bin/../lib/gcc/arm-none-eabi/5.4.1/../../../../arm-none-eabi/lib/armv7-m\libg_nano.a(lib_a-wbuf.o)
                0x00003ce4                __swbuf_r
 .text._write_r
                0x00003d8c       0x24 c:/program files (x86)/cypress/psoc creator/4.2/psoc creator/import/gnu/arm/5.4.1/bin/../lib/gcc/arm-none-eabi/5.4.1/../../../../arm-none-eabi/lib/armv7-m\libg_nano.a(lib_a-writer.o)
                0x00003d8c                _write_r
 .text.__swsetup_r
                0x00003db0       0xdc c:/program files (x86)/cypress/psoc creator/4.2/psoc creator/import/gnu/arm/5.4.1/bin/../lib/gcc/arm-none-eabi/5.4.1/../../../../arm-none-eabi/lib/armv7-m\libg_nano.a(lib_a-wsetup.o)
                0x00003db0                __swsetup_r
 .text._close_r
                0x00003e8c       0x20 c:/program files (x86)/cypress/psoc creator/4.2/psoc creator/import/gnu/arm/5.4.1/bin/../lib/gcc/arm-none-eabi/5.4.1/../../../../arm-none-eabi/lib/armv7-m\libg_nano.a(lib_a-closer.o)
                0x00003e8c                _close_r
 .text.__sflush_r
                0x00003eac      0x10c c:/program files (x86)/cypress/psoc creator/4.2/psoc creator/import/gnu/arm/5.4.1/bin/../lib/gcc/arm-none-eabi/5.4.1/../../../../arm-none-eabi/lib/armv7-m\libg_nano.a(lib_a-fflush.o)
                0x00003eac                __sflush_r
 .text._fflush_r
                0x00003fb8       0x54 c:/program files (x86)/cypress/psoc creator/4.2/psoc creator/import/gnu/arm/5.4.1/bin/../lib/gcc/arm-none-eabi/5.4.1/../../../../arm-none-eabi/lib/armv7-m\libg_nano.a(lib_a-fflush.o)
                0x00003fb8                _fflush_r
 .text._lseek_r
                0x0000400c       0x24 c:/program files (x86)/cypress/psoc creator/4.2/psoc creator/import/gnu/arm/5.4.1/bin/../lib/gcc/arm-none-eabi/5.4.1/../../../../arm-none-eabi/lib/armv7-m\libg_nano.a(lib_a-lseekr.o)
                0x0000400c                _lseek_r
 .text.__swhatbuf_r
                0x00004030       0x46 c:/program files (x86)/cypress/psoc creator/4.2/psoc creator/import/gnu/arm/5.4.1/bin/../lib/gcc/arm-none-eabi/5.4.1/../../../../arm-none-eabi/lib/armv7-m\libg_nano.a(lib_a-makebuf.o)
                0x00004030                __swhatbuf_r
 *fill*         0x00004076        0x2 
 .text.__smakebuf_r
                0x00004078       0x78 c:/program files (x86)/cypress/psoc creator/4.2/psoc creator/import/gnu/arm/5.4.1/bin/../lib/gcc/arm-none-eabi/5.4.1/../../../../arm-none-eabi/lib/armv7-m\libg_nano.a(lib_a-makebuf.o)
                0x00004078                __smakebuf_r
 .text.__malloc_lock
                0x000040f0        0x2 c:/program files (x86)/cypress/psoc creator/4.2/psoc creator/import/gnu/arm/5.4.1/bin/../lib/gcc/arm-none-eabi/5.4.1/../../../../arm-none-eabi/lib/armv7-m\libg_nano.a(lib_a-mlock.o)
                0x000040f0                __malloc_lock
 .text.__malloc_unlock
                0x000040f2        0x2 c:/program files (x86)/cypress/psoc creator/4.2/psoc creator/import/gnu/arm/5.4.1/bin/../lib/gcc/arm-none-eabi/5.4.1/../../../../arm-none-eabi/lib/armv7-m\libg_nano.a(lib_a-mlock.o)
                0x000040f2                __malloc_unlock
 .text._read_r  0x000040f4       0x24 c:/program files (x86)/cypress/psoc creator/4.2/psoc creator/import/gnu/arm/5.4.1/bin/../lib/gcc/arm-none-eabi/5.4.1/../../../../arm-none-eabi/lib/armv7-m\libg_nano.a(lib_a-readr.o)
                0x000040f4                _read_r
 .text._fstat_r
                0x00004118       0x24 c:/program files (x86)/cypress/psoc creator/4.2/psoc creator/import/gnu/arm/5.4.1/bin/../lib/gcc/arm-none-eabi/5.4.1/../../../../arm-none-eabi/lib/armv7-m\libg_nano.a(lib_a-fstatr.o)
                0x00004118                _fstat_r
 .text._isatty_r
                0x0000413c       0x20 c:/program files (x86)/cypress/psoc creator/4.2/psoc creator/import/gnu/arm/5.4.1/bin/../lib/gcc/arm-none-eabi/5.4.1/../../../../arm-none-eabi/lib/armv7-m\libg_nano.a(lib_a-isattyr.o)
                0x0000413c                _isatty_r
 .text          0x0000415c       0x2c c:/program files (x86)/cypress/psoc creator/4.2/psoc creator/import/gnu/arm/5.4.1/bin/../lib/gcc/arm-none-eabi/5.4.1/armv7-m\libgcc.a(_arm_unorddf2.o)
                0x0000415c                __unorddf2
                0x0000415c                __aeabi_dcmpun
 .text._close   0x00004188       0x10 c:/program files (x86)/cypress/psoc creator/4.2/psoc creator/import/gnu/arm/5.4.1/bin/../lib/gcc/arm-none-eabi/5.4.1/../../../../arm-none-eabi/lib/armv7-m\libnosys.a(close.o)
                0x00004188                _close
 .text._fstat   0x00004198       0x10 c:/program files (x86)/cypress/psoc creator/4.2/psoc creator/import/gnu/arm/5.4.1/bin/../lib/gcc/arm-none-eabi/5.4.1/../../../../arm-none-eabi/lib/armv7-m\libnosys.a(fstat.o)
                0x00004198                _fstat
 .text._isatty  0x000041a8       0x10 c:/program files (x86)/cypress/psoc creator/4.2/psoc creator/import/gnu/arm/5.4.1/bin/../lib/gcc/arm-none-eabi/5.4.1/../../../../arm-none-eabi/lib/armv7-m\libnosys.a(isatty.o)
                0x000041a8                _isatty
 .text._lseek   0x000041b8       0x10 c:/program files (x86)/cypress/psoc creator/4.2/psoc creator/import/gnu/arm/5.4.1/bin/../lib/gcc/arm-none-eabi/5.4.1/../../../../arm-none-eabi/lib/armv7-m\libnosys.a(lseek.o)
                0x000041b8                _lseek
 .text._read    0x000041c8       0x10 c:/program files (x86)/cypress/psoc creator/4.2/psoc creator/import/gnu/arm/5.4.1/bin/../lib/gcc/arm-none-eabi/5.4.1/../../../../arm-none-eabi/lib/armv7-m\libnosys.a(read.o)
                0x000041c8                _read
 *(.plt)
 *(.gnu.warning)
 *(.glue_7t)
 .glue_7t       0x000041d8        0x0 linker stubs
 *(.glue_7)
 .glue_7        0x000041d8        0x0 linker stubs
 *(.vfp11_veneer)
 .vfp11_veneer  0x000041d8        0x0 linker stubs
 *(.bootloader)
 *(.ARM.extab* .gnu.linkonce.armextab.*)
 *(.gcc_except_table)

.v4_bx          0x000041d8        0x0
 .v4_bx         0x000041d8        0x0 linker stubs

.iplt           0x000041d8        0x0
 .iplt          0x000041d8        0x0 c:/program files (x86)/cypress/psoc creator/4.2/psoc creator/import/gnu/arm/5.4.1/bin/../lib/gcc/arm-none-eabi/5.4.1/armv7-m/crtbegin.o

.eh_frame_hdr
 *(.eh_frame_hdr)

.eh_frame       0x000041d8        0x4
 *(.eh_frame)
 .eh_frame      0x000041d8        0x0 c:/program files (x86)/cypress/psoc creator/4.2/psoc creator/import/gnu/arm/5.4.1/bin/../lib/gcc/arm-none-eabi/5.4.1/armv7-m/crtbegin.o
 .eh_frame      0x000041d8        0x4 c:/program files (x86)/cypress/psoc creator/4.2/psoc creator/import/gnu/arm/5.4.1/bin/../lib/gcc/arm-none-eabi/5.4.1/armv7-m/crtend.o
                [!provide]                PROVIDE (__exidx_start, .)

.ARM.exidx
 *(.ARM.exidx* .gnu.linkonce.armexidx.*)
                0x000041dc                __exidx_end = .

.rodata         0x000041e0      0x270
 *(.rodata .rodata.* .gnu.linkonce.r.*)
 .rodata.str1.4
                0x000041e0       0x24 .\CortexM3\ARM_GCC_541\Debug\main.o
                                 0x23 (size before relaxing)
 .rodata        0x00004204       0x4c .\CortexM3\ARM_GCC_541\Debug\cyfitter_cfg.o
 .rodata.str1.1
                0x00004250        0x2 c:/program files (x86)/cypress/psoc creator/4.2/psoc creator/import/gnu/arm/5.4.1/bin/../lib/gcc/arm-none-eabi/5.4.1/../../../../arm-none-eabi/lib/armv7-m\libg_nano.a(lib_a-impure.o)
 *fill*         0x00004252        0x2 
 .rodata._global_impure_ptr
                0x00004254        0x4 c:/program files (x86)/cypress/psoc creator/4.2/psoc creator/import/gnu/arm/5.4.1/bin/../lib/gcc/arm-none-eabi/5.4.1/../../../../arm-none-eabi/lib/armv7-m\libg_nano.a(lib_a-impure.o)
                0x00004254                _global_impure_ptr
 .rodata.str1.1
                0x00004258       0x12 c:/program files (x86)/cypress/psoc creator/4.2/psoc creator/import/gnu/arm/5.4.1/bin/../lib/gcc/arm-none-eabi/5.4.1/../../../../arm-none-eabi/lib/armv7-m\libg_nano.a(lib_a-nano-vfprintf_float.o)
 .rodata.str1.1
                0x0000426a       0x22 c:/program files (x86)/cypress/psoc creator/4.2/psoc creator/import/gnu/arm/5.4.1/bin/../lib/gcc/arm-none-eabi/5.4.1/../../../../arm-none-eabi/lib/armv7-m\libg_nano.a(lib_a-nano-vfprintf_i.o)
 .rodata.str1.1
                0x0000428c        0xd c:/program files (x86)/cypress/psoc creator/4.2/psoc creator/import/gnu/arm/5.4.1/bin/../lib/gcc/arm-none-eabi/5.4.1/../../../../arm-none-eabi/lib/armv7-m\libg_nano.a(lib_a-dtoa.o)
                                  0xf (size before relaxing)
 *fill*         0x00004299        0x3 
 .rodata.__sf_fake_stdin
                0x0000429c       0x20 c:/program files (x86)/cypress/psoc creator/4.2/psoc creator/import/gnu/arm/5.4.1/bin/../lib/gcc/arm-none-eabi/5.4.1/../../../../arm-none-eabi/lib/armv7-m\libg_nano.a(lib_a-findfp.o)
                0x0000429c                __sf_fake_stdin
 .rodata.__sf_fake_stdout
                0x000042bc       0x20 c:/program files (x86)/cypress/psoc creator/4.2/psoc creator/import/gnu/arm/5.4.1/bin/../lib/gcc/arm-none-eabi/5.4.1/../../../../arm-none-eabi/lib/armv7-m\libg_nano.a(lib_a-findfp.o)
                0x000042bc                __sf_fake_stdout
 .rodata.__sf_fake_stderr
                0x000042dc       0x20 c:/program files (x86)/cypress/psoc creator/4.2/psoc creator/import/gnu/arm/5.4.1/bin/../lib/gcc/arm-none-eabi/5.4.1/../../../../arm-none-eabi/lib/armv7-m\libg_nano.a(lib_a-findfp.o)
                0x000042dc                __sf_fake_stderr
 .rodata.str1.1
                0x000042fc        0x8 c:/program files (x86)/cypress/psoc creator/4.2/psoc creator/import/gnu/arm/5.4.1/bin/../lib/gcc/arm-none-eabi/5.4.1/../../../../arm-none-eabi/lib/armv7-m\libg_nano.a(lib_a-locale.o)
                                  0xb (size before relaxing)
 *fill*         0x00004304        0x4 
 .rodata.__mprec_tens
                0x00004308       0xc8 c:/program files (x86)/cypress/psoc creator/4.2/psoc creator/import/gnu/arm/5.4.1/bin/../lib/gcc/arm-none-eabi/5.4.1/../../../../arm-none-eabi/lib/armv7-m\libg_nano.a(lib_a-mprec.o)
                0x00004308                __mprec_tens
 .rodata.p05.5408
                0x000043d0        0xc c:/program files (x86)/cypress/psoc creator/4.2/psoc creator/import/gnu/arm/5.4.1/bin/../lib/gcc/arm-none-eabi/5.4.1/../../../../arm-none-eabi/lib/armv7-m\libg_nano.a(lib_a-mprec.o)
 *fill*         0x000043dc        0x4 
 .rodata.__mprec_bigtens
                0x000043e0       0x28 c:/program files (x86)/cypress/psoc creator/4.2/psoc creator/import/gnu/arm/5.4.1/bin/../lib/gcc/arm-none-eabi/5.4.1/../../../../arm-none-eabi/lib/armv7-m\libg_nano.a(lib_a-mprec.o)
                0x000043e0                __mprec_bigtens
 .rodata.str1.1
                0x00004408       0x11 c:/program files (x86)/cypress/psoc creator/4.2/psoc creator/import/gnu/arm/5.4.1/bin/../lib/gcc/arm-none-eabi/5.4.1/../../../../arm-none-eabi/lib/armv7-m\libg_nano.a(lib_a-nano-vfprintf.o)
                0x0000441c                . = ALIGN (0x4)
 *fill*         0x00004419        0x3 
 *(.init)
 .init          0x0000441c        0x4 c:/program files (x86)/cypress/psoc creator/4.2/psoc creator/import/gnu/arm/5.4.1/bin/../lib/gcc/arm-none-eabi/5.4.1/armv7-m/crti.o
                0x0000441c                _init
 .init          0x00004420        0x8 c:/program files (x86)/cypress/psoc creator/4.2/psoc creator/import/gnu/arm/5.4.1/bin/../lib/gcc/arm-none-eabi/5.4.1/armv7-m/crtn.o
                0x00004428                . = ALIGN (0x4)
                0x00004428                __preinit_array_start = .
 *(.preinit_array)
                0x00004428                __preinit_array_end = .
                0x00004428                . = ALIGN (0x4)
                0x00004428                __init_array_start = .
 *(SORT(.init_array.*))
 *(.init_array)
 .init_array    0x00004428        0x4 c:/program files (x86)/cypress/psoc creator/4.2/psoc creator/import/gnu/arm/5.4.1/bin/../lib/gcc/arm-none-eabi/5.4.1/armv7-m/crtbegin.o
 .init_array    0x0000442c        0x4 .\CortexM3\ARM_GCC_541\Debug\Cm3Start.o
                0x00004430                __init_array_end = .
                0x00004430                . = ALIGN (0x4)
 *(.fini)
 .fini          0x00004430        0x4 c:/program files (x86)/cypress/psoc creator/4.2/psoc creator/import/gnu/arm/5.4.1/bin/../lib/gcc/arm-none-eabi/5.4.1/armv7-m/crti.o
                0x00004430                _fini
 .fini          0x00004434        0x8 c:/program files (x86)/cypress/psoc creator/4.2/psoc creator/import/gnu/arm/5.4.1/bin/../lib/gcc/arm-none-eabi/5.4.1/armv7-m/crtn.o
                0x0000443c                . = ALIGN (0x4)
                0x0000443c                __fini_array_start = .
 *(.fini_array)
 .fini_array    0x0000443c        0x4 c:/program files (x86)/cypress/psoc creator/4.2/psoc creator/import/gnu/arm/5.4.1/bin/../lib/gcc/arm-none-eabi/5.4.1/armv7-m/crtbegin.o
 *(SORT(.fini_array.*))
                0x00004440                __fini_array_end = .
                0x00004440                . = ALIGN (0x4)
 *crtbegin.o(.ctors)
 *(EXCLUDE_FILE(*crtend.o) .ctors)
 *(SORT(.ctors.*))
 *crtend.o(.ctors)
                0x00004440                . = ALIGN (0x4)
 *crtbegin.o(.dtors)
 *(EXCLUDE_FILE(*crtend.o) .dtors)
 *(SORT(.dtors.*))
 *crtend.o(.dtors)
                0x00004440                . = ALIGN (0x4)
                0x00004440                __cy_regions = .
                0x00004440        0x4 LONG 0x4450 __cy_region_init_ram
                0x00004444        0x4 LONG 0x1fff80c8 __cy_region_start_data
                0x00004448        0x4 LONG 0xb8 __cy_region_init_size_ram
                0x0000444c        0x4 LONG 0x80 __cy_region_zero_size_ram
                0x00004450                __cy_regions_end = .
                0x00004450                . = ALIGN (0x8)
                0x00004450                _etext = .

.cy_checksum_exclude
                0x00004450        0x0
 *(.cy_checksum_exclude)

.ramvectors     0x1fff8000       0xc0
                0x1fff8000                __cy_region_start_ram = .
 *(.ramvectors)
 .ramvectors    0x1fff8000       0xc0 .\CortexM3\ARM_GCC_541\Debug\Cm3Start.o
                0x1fff8000                CyRamVectors

.noinit         0x1fff80c0        0x1
 *(.noinit)
 .noinit        0x1fff80c0        0x1 .\CortexM3\ARM_GCC_541\Debug\135_motor_project.a(CyLib.o)
                0x1fff80c0                CyResetStatus

.data           0x1fff80c8       0xb8 load address 0x00004450
                0x1fff80c8                __cy_region_start_data = .
 *(.jcr)
 .jcr           0x1fff80c8        0x0 c:/program files (x86)/cypress/psoc creator/4.2/psoc creator/import/gnu/arm/5.4.1/bin/../lib/gcc/arm-none-eabi/5.4.1/armv7-m/crtbegin.o
 .jcr           0x1fff80c8        0x4 c:/program files (x86)/cypress/psoc creator/4.2/psoc creator/import/gnu/arm/5.4.1/bin/../lib/gcc/arm-none-eabi/5.4.1/armv7-m/crtend.o
 *(.got.plt)
 *(.got)
 *(.shdata)
 *(.data .data.* .gnu.linkonce.d.*)
 .data          0x1fff80cc        0x4 .\CortexM3\ARM_GCC_541\Debug\Cm3Start.o
 .data          0x1fff80d0       0x10 .\CortexM3\ARM_GCC_541\Debug\135_motor_project.a(CyLib.o)
                0x1fff80d0                cydelay_32k_ms
                0x1fff80d4                cydelay_freq_khz
                0x1fff80d8                cydelay_freq_mhz
                0x1fff80dc                cydelay_freq_hz
 .data.impure_data
                0x1fff80e0       0x60 c:/program files (x86)/cypress/psoc creator/4.2/psoc creator/import/gnu/arm/5.4.1/bin/../lib/gcc/arm-none-eabi/5.4.1/../../../../arm-none-eabi/lib/armv7-m\libg_nano.a(lib_a-impure.o)
 .data._impure_ptr
                0x1fff8140        0x4 c:/program files (x86)/cypress/psoc creator/4.2/psoc creator/import/gnu/arm/5.4.1/bin/../lib/gcc/arm-none-eabi/5.4.1/../../../../arm-none-eabi/lib/armv7-m\libg_nano.a(lib_a-impure.o)
                0x1fff8140                _impure_ptr
 .data.lconv    0x1fff8144       0x38 c:/program files (x86)/cypress/psoc creator/4.2/psoc creator/import/gnu/arm/5.4.1/bin/../lib/gcc/arm-none-eabi/5.4.1/../../../../arm-none-eabi/lib/armv7-m\libg_nano.a(lib_a-locale.o)
                0x1fff8180                . = ALIGN (0x8)
 *fill*         0x1fff817c        0x4 
 *(.ram)
                0x1fff8180                _edata = .

.igot.plt       0x1fff8180        0x0 load address 0x00004508
 .igot.plt      0x1fff8180        0x0 c:/program files (x86)/cypress/psoc creator/4.2/psoc creator/import/gnu/arm/5.4.1/bin/../lib/gcc/arm-none-eabi/5.4.1/armv7-m/crtbegin.o

.bss            0x1fff8180       0x80 load address 0x00004508
                0x1fff8180                PROVIDE (__bss_start__, .)
 *(.shbss)
 *(.bss .bss.* .gnu.linkonce.b.*)
 .bss           0x1fff8180       0x1c c:/program files (x86)/cypress/psoc creator/4.2/psoc creator/import/gnu/arm/5.4.1/bin/../lib/gcc/arm-none-eabi/5.4.1/armv7-m/crtbegin.o
 .bss           0x1fff819c       0x3c .\CortexM3\ARM_GCC_541\Debug\main.o
                0x1fff819c                uart_recv_count
                0x1fff81a0                x_1
                0x1fff81a4                y_1
                0x1fff81a8                m1_step_pin
                0x1fff81ac                m2_step_pin
                0x1fff81b0                m1_dir
                0x1fff81b4                m2_dir
                0x1fff81b8                x_0
                0x1fff81bc                y_0
                0x1fff81c0                dx
                0x1fff81c4                dy
                0x1fff81c8                m1_steps
                0x1fff81cc                m2_steps
                0x1fff81d0                m1_dir_pin
                0x1fff81d4                m2_dir_pin
 .bss           0x1fff81d8        0x1 .\CortexM3\ARM_GCC_541\Debug\135_motor_project.a(PWM_1.o)
                0x1fff81d8                PWM_1_initVar
 .bss           0x1fff81d9        0x1 .\CortexM3\ARM_GCC_541\Debug\135_motor_project.a(PWM_2.o)
                0x1fff81d9                PWM_2_initVar
 .bss           0x1fff81da        0x2 .\CortexM3\ARM_GCC_541\Debug\135_motor_project.a(UART.o)
                0x1fff81da                UART_initVar
 .bss           0x1fff81dc        0x1 .\CortexM3\ARM_GCC_541\Debug\135_motor_project.a(Timer_1.o)
                0x1fff81dc                Timer_1_initVar
 *fill*         0x1fff81dd        0x3 
 .bss.__malloc_sbrk_start
                0x1fff81e0        0x4 c:/program files (x86)/cypress/psoc creator/4.2/psoc creator/import/gnu/arm/5.4.1/bin/../lib/gcc/arm-none-eabi/5.4.1/../../../../arm-none-eabi/lib/armv7-m\libg_nano.a(lib_a-nano-mallocr.o)
                0x1fff81e0                __malloc_sbrk_start
 .bss.__malloc_free_list
                0x1fff81e4        0x4 c:/program files (x86)/cypress/psoc creator/4.2/psoc creator/import/gnu/arm/5.4.1/bin/../lib/gcc/arm-none-eabi/5.4.1/../../../../arm-none-eabi/lib/armv7-m\libg_nano.a(lib_a-nano-mallocr.o)
                0x1fff81e4                __malloc_free_list
 *(COMMON)
 COMMON         0x1fff81e8       0x10 .\CortexM3\ARM_GCC_541\Debug\main.o
                0x1fff81e8                uart_recv_buf
 COMMON         0x1fff81f8        0x4 c:/program files (x86)/cypress/psoc creator/4.2/psoc creator/import/gnu/arm/5.4.1/bin/../lib/gcc/arm-none-eabi/5.4.1/../../../../arm-none-eabi/lib/armv7-m\libg_nano.a(lib_a-reent.o)
                0x1fff81f8                errno
                0x1fff8200                . = ALIGN (0x8)
 *fill*         0x1fff81fc        0x4 
 *(.ram.b)
                0x1fff8200                _end = .
                0x1fff8200                __end = .
                0x1fff8200                PROVIDE (end, .)
                0x1fff8200                PROVIDE (__bss_end__, .)
                0x00004450                __cy_region_init_ram = LOADADDR (.data)
                0x000000b8                __cy_region_init_size_ram = (_edata - ADDR (.data))
                0x00000080                __cy_region_zero_size_ram = (_end - _edata)

.heap           0x1fff8200      0x400 load address 0x00004508
                0x1fff8200                . = _end
                0x1fff8600                . = (. + 0x400)
 *fill*         0x1fff8200      0x400 
                0x1fff8600                __cy_heap_limit = .

.stack          0x20007800      0x800
                0x20007800                __cy_stack_limit = .
                0x20008000                . = (. + 0x800)
 *fill*         0x20007800      0x800 
                0x00000001                ASSERT ((__cy_stack_limit >= __cy_heap_limit), region RAM overflowed with stack)
                0x00000000                cy_checksum_exclude_size = (CY_APPL_LOADABLE == 0x1)?SIZEOF (.cy_checksum_exclude):0x0
                0x00000001                ASSERT ((cy_checksum_exclude_size <= CY_CHECKSUM_EXCLUDE_SIZE), CY_BOOT: Section .cy_checksum_exclude size exceedes specified limit.)

.cyloadermeta
 *(.cyloadermeta)

.cyloadablemeta
 *(.cyloadablemeta)

.cyconfigecc    0x80000000      0x688
 *(.cyconfigecc)
 .cyconfigecc   0x80000000      0x688 .\CortexM3\ARM_GCC_541\Debug\cymetadata.o
                0x80000000                cy_meta_configecc

.cycustnvl      0x90000000        0x4
 *(.cycustnvl)
 .cycustnvl     0x90000000        0x4 .\CortexM3\ARM_GCC_541\Debug\cymetadata.o
                0x90000000                cy_meta_custnvl

.cywolatch      0x90100000        0x4
 *(.cywolatch)
 .cywolatch     0x90100000        0x4 .\CortexM3\ARM_GCC_541\Debug\cymetadata.o
                0x90100000                cy_meta_wonvl

.cyeeprom       0x90200000        0x0
 *(.cyeeprom)
                0x00000001                ASSERT ((. <= ((0x90200000 + ee_offset) + ee_size)), .cyeeprom data will not fit in EEPROM)

.cyflashprotect
                0x90400000      0x100
 *(.cyflashprotect)
 .cyflashprotect
                0x90400000      0x100 .\CortexM3\ARM_GCC_541\Debug\cymetadata.o
                0x90400000                cy_meta_flashprotect

.cymeta         0x90500000        0xc
 *(.cymeta)
 .cymeta        0x90500000        0xc .\CortexM3\ARM_GCC_541\Debug\cymetadata.o
                0x90500000                cy_metadata

.rel.dyn        0x00004508        0x0 load address 0x9050000c
 .rel.iplt      0x00004508        0x0 c:/program files (x86)/cypress/psoc creator/4.2/psoc creator/import/gnu/arm/5.4.1/bin/../lib/gcc/arm-none-eabi/5.4.1/armv7-m/crtbegin.o

.stab           0x00000000       0x84
 *(.stab)
 .stab          0x00000000       0x24 c:/program files (x86)/cypress/psoc creator/4.2/psoc creator/import/gnu/arm/5.4.1/bin/../lib/gcc/arm-none-eabi/5.4.1/../../../../arm-none-eabi/lib/armv7-m\libnosys.a(close.o)
 .stab          0x00000024       0x18 c:/program files (x86)/cypress/psoc creator/4.2/psoc creator/import/gnu/arm/5.4.1/bin/../lib/gcc/arm-none-eabi/5.4.1/../../../../arm-none-eabi/lib/armv7-m\libnosys.a(fstat.o)
                                 0x24 (size before relaxing)
 .stab          0x0000003c       0x18 c:/program files (x86)/cypress/psoc creator/4.2/psoc creator/import/gnu/arm/5.4.1/bin/../lib/gcc/arm-none-eabi/5.4.1/../../../../arm-none-eabi/lib/armv7-m\libnosys.a(isatty.o)
                                 0x24 (size before relaxing)
 .stab          0x00000054       0x18 c:/program files (x86)/cypress/psoc creator/4.2/psoc creator/import/gnu/arm/5.4.1/bin/../lib/gcc/arm-none-eabi/5.4.1/../../../../arm-none-eabi/lib/armv7-m\libnosys.a(lseek.o)
                                 0x24 (size before relaxing)
 .stab          0x0000006c       0x18 c:/program files (x86)/cypress/psoc creator/4.2/psoc creator/import/gnu/arm/5.4.1/bin/../lib/gcc/arm-none-eabi/5.4.1/../../../../arm-none-eabi/lib/armv7-m\libnosys.a(read.o)
                                 0x24 (size before relaxing)

.stabstr        0x00000000      0x117
 *(.stabstr)
 .stabstr       0x00000000      0x117 c:/program files (x86)/cypress/psoc creator/4.2/psoc creator/import/gnu/arm/5.4.1/bin/../lib/gcc/arm-none-eabi/5.4.1/../../../../arm-none-eabi/lib/armv7-m\libnosys.a(close.o)

.debug
 *(.debug)

.line
 *(.line)

.debug_srcinfo
 *(.debug_srcinfo)

.debug_sfnames
 *(.debug_sfnames)

.debug_aranges  0x00000000      0xb40
 *(.debug_aranges)
 .debug_aranges
                0x00000000       0x38 .\CortexM3\ARM_GCC_541\Debug\main.o
 .debug_aranges
                0x00000038       0x20 .\CortexM3\ARM_GCC_541\Debug\util.o
 .debug_aranges
                0x00000058       0x58 .\CortexM3\ARM_GCC_541\Debug\cyfitter_cfg.o
 .debug_aranges
                0x000000b0       0x18 .\CortexM3\ARM_GCC_541\Debug\cymetadata.o
 .debug_aranges
                0x000000c8       0x48 .\CortexM3\ARM_GCC_541\Debug\Cm3Start.o
 .debug_aranges
                0x00000110       0x98 .\CortexM3\ARM_GCC_541\Debug\135_motor_project.a(PWM_1.o)
 .debug_aranges
                0x000001a8      0x2a0 .\CortexM3\ARM_GCC_541\Debug\135_motor_project.a(CyLib.o)
 .debug_aranges
                0x00000448       0x98 .\CortexM3\ARM_GCC_541\Debug\135_motor_project.a(cyPm.o)
 .debug_aranges
                0x000004e0       0x28 .\CortexM3\ARM_GCC_541\Debug\135_motor_project.a(Control_Reg_1.o)
 .debug_aranges
                0x00000508       0x98 .\CortexM3\ARM_GCC_541\Debug\135_motor_project.a(PWM_2.o)
 .debug_aranges
                0x000005a0       0x28 .\CortexM3\ARM_GCC_541\Debug\135_motor_project.a(Control_Reg_2.o)
 .debug_aranges
                0x000005c8       0x48 .\CortexM3\ARM_GCC_541\Debug\135_motor_project.a(Pin_1.o)
 .debug_aranges
                0x00000610       0xf0 .\CortexM3\ARM_GCC_541\Debug\135_motor_project.a(UART.o)
 .debug_aranges
                0x00000700       0x70 .\CortexM3\ARM_GCC_541\Debug\135_motor_project.a(UART_IntClock.o)
 .debug_aranges
                0x00000770       0x80 .\CortexM3\ARM_GCC_541\Debug\135_motor_project.a(isr_rx.o)
 .debug_aranges
                0x000007f0       0x28 .\CortexM3\ARM_GCC_541\Debug\135_motor_project.a(Control_Reg_3.o)
 .debug_aranges
                0x00000818       0x28 .\CortexM3\ARM_GCC_541\Debug\135_motor_project.a(Control_Reg_4.o)
 .debug_aranges
                0x00000840       0x28 .\CortexM3\ARM_GCC_541\Debug\135_motor_project.a(Control_Reg_6.o)
 .debug_aranges
                0x00000868       0x28 .\CortexM3\ARM_GCC_541\Debug\135_motor_project.a(Control_Reg_5.o)
 .debug_aranges
                0x00000890       0x88 .\CortexM3\ARM_GCC_541\Debug\135_motor_project.a(Timer_1.o)
 .debug_aranges
                0x00000918       0x80 .\CortexM3\ARM_GCC_541\Debug\135_motor_project.a(pulse_ready_isr.o)
 .debug_aranges
                0x00000998       0x80 .\CortexM3\ARM_GCC_541\Debug\135_motor_project.a(pos_reset.o)
 .debug_aranges
                0x00000a18       0x20 .\CortexM3\ARM_GCC_541\Debug\135_motor_project.a(CyBootAsmGnu.o)
 .debug_aranges
                0x00000a38       0x88 .\CortexM3\ARM_GCC_541\Debug\135_motor_project.a(CyFlash.o)
 .debug_aranges
                0x00000ac0       0x80 .\CortexM3\ARM_GCC_541\Debug\135_motor_project.a(CySpc.o)

.debug_pubnames
 *(.debug_pubnames)

.debug_info     0x00000000     0x5a29
 *(.debug_info .gnu.linkonce.wi.*)
 .debug_info    0x00000000      0x488 .\CortexM3\ARM_GCC_541\Debug\main.o
 .debug_info    0x00000488       0xa2 .\CortexM3\ARM_GCC_541\Debug\util.o
 .debug_info    0x0000052a      0x5de .\CortexM3\ARM_GCC_541\Debug\cyfitter_cfg.o
 .debug_info    0x00000b08      0x138 .\CortexM3\ARM_GCC_541\Debug\cymetadata.o
 .debug_info    0x00000c40      0x3bb .\CortexM3\ARM_GCC_541\Debug\Cm3Start.o
 .debug_info    0x00000ffb      0x331 .\CortexM3\ARM_GCC_541\Debug\135_motor_project.a(PWM_1.o)
 .debug_info    0x0000132c     0x1374 .\CortexM3\ARM_GCC_541\Debug\135_motor_project.a(CyLib.o)
 .debug_info    0x000026a0      0xa2a .\CortexM3\ARM_GCC_541\Debug\135_motor_project.a(cyPm.o)
 .debug_info    0x000030ca       0xd6 .\CortexM3\ARM_GCC_541\Debug\135_motor_project.a(Control_Reg_1.o)
 .debug_info    0x000031a0      0x331 .\CortexM3\ARM_GCC_541\Debug\135_motor_project.a(PWM_2.o)
 .debug_info    0x000034d1       0xd6 .\CortexM3\ARM_GCC_541\Debug\135_motor_project.a(Control_Reg_2.o)
 .debug_info    0x000035a7      0x174 .\CortexM3\ARM_GCC_541\Debug\135_motor_project.a(Pin_1.o)
 .debug_info    0x0000371b      0x60c .\CortexM3\ARM_GCC_541\Debug\135_motor_project.a(UART.o)
 .debug_info    0x00003d27      0x283 .\CortexM3\ARM_GCC_541\Debug\135_motor_project.a(UART_IntClock.o)
 .debug_info    0x00003faa      0x2d2 .\CortexM3\ARM_GCC_541\Debug\135_motor_project.a(isr_rx.o)
 .debug_info    0x0000427c       0xd6 .\CortexM3\ARM_GCC_541\Debug\135_motor_project.a(Control_Reg_3.o)
 .debug_info    0x00004352       0xd6 .\CortexM3\ARM_GCC_541\Debug\135_motor_project.a(Control_Reg_4.o)
 .debug_info    0x00004428       0xd6 .\CortexM3\ARM_GCC_541\Debug\135_motor_project.a(Control_Reg_6.o)
 .debug_info    0x000044fe       0xd6 .\CortexM3\ARM_GCC_541\Debug\135_motor_project.a(Control_Reg_5.o)
 .debug_info    0x000045d4      0x295 .\CortexM3\ARM_GCC_541\Debug\135_motor_project.a(Timer_1.o)
 .debug_info    0x00004869      0x2d2 .\CortexM3\ARM_GCC_541\Debug\135_motor_project.a(pulse_ready_isr.o)
 .debug_info    0x00004b3b      0x2d2 .\CortexM3\ARM_GCC_541\Debug\135_motor_project.a(pos_reset.o)
 .debug_info    0x00004e0d       0x7f .\CortexM3\ARM_GCC_541\Debug\135_motor_project.a(CyBootAsmGnu.o)
 .debug_info    0x00004e8c      0x64d .\CortexM3\ARM_GCC_541\Debug\135_motor_project.a(CyFlash.o)
 .debug_info    0x000054d9      0x550 .\CortexM3\ARM_GCC_541\Debug\135_motor_project.a(CySpc.o)

.debug_abbrev   0x00000000     0x1b85
 *(.debug_abbrev)
 .debug_abbrev  0x00000000      0x116 .\CortexM3\ARM_GCC_541\Debug\main.o
 .debug_abbrev  0x00000116       0x98 .\CortexM3\ARM_GCC_541\Debug\util.o
 .debug_abbrev  0x000001ae      0x20d .\CortexM3\ARM_GCC_541\Debug\cyfitter_cfg.o
 .debug_abbrev  0x000003bb       0x77 .\CortexM3\ARM_GCC_541\Debug\cymetadata.o
 .debug_abbrev  0x00000432      0x1e8 .\CortexM3\ARM_GCC_541\Debug\Cm3Start.o
 .debug_abbrev  0x0000061a      0x133 .\CortexM3\ARM_GCC_541\Debug\135_motor_project.a(PWM_1.o)
 .debug_abbrev  0x0000074d      0x254 .\CortexM3\ARM_GCC_541\Debug\135_motor_project.a(CyLib.o)
 .debug_abbrev  0x000009a1      0x1ab .\CortexM3\ARM_GCC_541\Debug\135_motor_project.a(cyPm.o)
 .debug_abbrev  0x00000b4c       0x81 .\CortexM3\ARM_GCC_541\Debug\135_motor_project.a(Control_Reg_1.o)
 .debug_abbrev  0x00000bcd      0x133 .\CortexM3\ARM_GCC_541\Debug\135_motor_project.a(PWM_2.o)
 .debug_abbrev  0x00000d00       0x81 .\CortexM3\ARM_GCC_541\Debug\135_motor_project.a(Control_Reg_2.o)
 .debug_abbrev  0x00000d81       0x90 .\CortexM3\ARM_GCC_541\Debug\135_motor_project.a(Pin_1.o)
 .debug_abbrev  0x00000e11      0x175 .\CortexM3\ARM_GCC_541\Debug\135_motor_project.a(UART.o)
 .debug_abbrev  0x00000f86      0x139 .\CortexM3\ARM_GCC_541\Debug\135_motor_project.a(UART_IntClock.o)
 .debug_abbrev  0x000010bf      0x173 .\CortexM3\ARM_GCC_541\Debug\135_motor_project.a(isr_rx.o)
 .debug_abbrev  0x00001232       0x81 .\CortexM3\ARM_GCC_541\Debug\135_motor_project.a(Control_Reg_3.o)
 .debug_abbrev  0x000012b3       0x81 .\CortexM3\ARM_GCC_541\Debug\135_motor_project.a(Control_Reg_4.o)
 .debug_abbrev  0x00001334       0x81 .\CortexM3\ARM_GCC_541\Debug\135_motor_project.a(Control_Reg_6.o)
 .debug_abbrev  0x000013b5       0x81 .\CortexM3\ARM_GCC_541\Debug\135_motor_project.a(Control_Reg_5.o)
 .debug_abbrev  0x00001436      0x11a .\CortexM3\ARM_GCC_541\Debug\135_motor_project.a(Timer_1.o)
 .debug_abbrev  0x00001550      0x173 .\CortexM3\ARM_GCC_541\Debug\135_motor_project.a(pulse_ready_isr.o)
 .debug_abbrev  0x000016c3      0x173 .\CortexM3\ARM_GCC_541\Debug\135_motor_project.a(pos_reset.o)
 .debug_abbrev  0x00001836       0x14 .\CortexM3\ARM_GCC_541\Debug\135_motor_project.a(CyBootAsmGnu.o)
 .debug_abbrev  0x0000184a      0x1a7 .\CortexM3\ARM_GCC_541\Debug\135_motor_project.a(CyFlash.o)
 .debug_abbrev  0x000019f1      0x194 .\CortexM3\ARM_GCC_541\Debug\135_motor_project.a(CySpc.o)

.debug_line     0x00000000     0x28e2
 *(.debug_line)
 .debug_line    0x00000000      0x31c .\CortexM3\ARM_GCC_541\Debug\main.o
 .debug_line    0x0000031c       0x4c .\CortexM3\ARM_GCC_541\Debug\util.o
 .debug_line    0x00000368      0x1f8 .\CortexM3\ARM_GCC_541\Debug\cyfitter_cfg.o
 .debug_line    0x00000560      0x141 .\CortexM3\ARM_GCC_541\Debug\cymetadata.o
 .debug_line    0x000006a1      0x234 .\CortexM3\ARM_GCC_541\Debug\Cm3Start.o
 .debug_line    0x000008d5      0x185 .\CortexM3\ARM_GCC_541\Debug\135_motor_project.a(PWM_1.o)
 .debug_line    0x00000a5a      0x816 .\CortexM3\ARM_GCC_541\Debug\135_motor_project.a(CyLib.o)
 .debug_line    0x00001270      0x367 .\CortexM3\ARM_GCC_541\Debug\135_motor_project.a(cyPm.o)
 .debug_line    0x000015d7       0x75 .\CortexM3\ARM_GCC_541\Debug\135_motor_project.a(Control_Reg_1.o)
 .debug_line    0x0000164c      0x185 .\CortexM3\ARM_GCC_541\Debug\135_motor_project.a(PWM_2.o)
 .debug_line    0x000017d1       0x75 .\CortexM3\ARM_GCC_541\Debug\135_motor_project.a(Control_Reg_2.o)
 .debug_line    0x00001846       0xb6 .\CortexM3\ARM_GCC_541\Debug\135_motor_project.a(Pin_1.o)
 .debug_line    0x000018fc      0x2bc .\CortexM3\ARM_GCC_541\Debug\135_motor_project.a(UART.o)
 .debug_line    0x00001bb8      0x17c .\CortexM3\ARM_GCC_541\Debug\135_motor_project.a(UART_IntClock.o)
 .debug_line    0x00001d34      0x133 .\CortexM3\ARM_GCC_541\Debug\135_motor_project.a(isr_rx.o)
 .debug_line    0x00001e67       0x75 .\CortexM3\ARM_GCC_541\Debug\135_motor_project.a(Control_Reg_3.o)
 .debug_line    0x00001edc       0x75 .\CortexM3\ARM_GCC_541\Debug\135_motor_project.a(Control_Reg_4.o)
 .debug_line    0x00001f51       0x75 .\CortexM3\ARM_GCC_541\Debug\135_motor_project.a(Control_Reg_6.o)
 .debug_line    0x00001fc6       0x75 .\CortexM3\ARM_GCC_541\Debug\135_motor_project.a(Control_Reg_5.o)
 .debug_line    0x0000203b      0x155 .\CortexM3\ARM_GCC_541\Debug\135_motor_project.a(Timer_1.o)
 .debug_line    0x00002190      0x13c .\CortexM3\ARM_GCC_541\Debug\135_motor_project.a(pulse_ready_isr.o)
 .debug_line    0x000022cc      0x136 .\CortexM3\ARM_GCC_541\Debug\135_motor_project.a(pos_reset.o)
 .debug_line    0x00002402       0x66 .\CortexM3\ARM_GCC_541\Debug\135_motor_project.a(CyBootAsmGnu.o)
 .debug_line    0x00002468      0x21a .\CortexM3\ARM_GCC_541\Debug\135_motor_project.a(CyFlash.o)
 .debug_line    0x00002682      0x260 .\CortexM3\ARM_GCC_541\Debug\135_motor_project.a(CySpc.o)

.debug_frame    0x00000000     0x271c
 *(.debug_frame)
 .debug_frame   0x00000000       0x88 .\CortexM3\ARM_GCC_541\Debug\main.o
 .debug_frame   0x00000088       0x30 .\CortexM3\ARM_GCC_541\Debug\util.o
 .debug_frame   0x000000b8       0xe4 .\CortexM3\ARM_GCC_541\Debug\cyfitter_cfg.o
 .debug_frame   0x0000019c       0xb8 .\CortexM3\ARM_GCC_541\Debug\Cm3Start.o
 .debug_frame   0x00000254      0x134 .\CortexM3\ARM_GCC_541\Debug\135_motor_project.a(PWM_1.o)
 .debug_frame   0x00000388      0x738 .\CortexM3\ARM_GCC_541\Debug\135_motor_project.a(CyLib.o)
 .debug_frame   0x00000ac0      0x1f8 .\CortexM3\ARM_GCC_541\Debug\135_motor_project.a(cyPm.o)
 .debug_frame   0x00000cb8       0x30 .\CortexM3\ARM_GCC_541\Debug\135_motor_project.a(Control_Reg_1.o)
 .debug_frame   0x00000ce8      0x134 .\CortexM3\ARM_GCC_541\Debug\135_motor_project.a(PWM_2.o)
 .debug_frame   0x00000e1c       0x30 .\CortexM3\ARM_GCC_541\Debug\135_motor_project.a(Control_Reg_2.o)
 .debug_frame   0x00000e4c       0x70 .\CortexM3\ARM_GCC_541\Debug\135_motor_project.a(Pin_1.o)
 .debug_frame   0x00000ebc      0x250 .\CortexM3\ARM_GCC_541\Debug\135_motor_project.a(UART.o)
 .debug_frame   0x0000110c       0xe0 .\CortexM3\ARM_GCC_541\Debug\135_motor_project.a(UART_IntClock.o)
 .debug_frame   0x000011ec      0x104 .\CortexM3\ARM_GCC_541\Debug\135_motor_project.a(isr_rx.o)
 .debug_frame   0x000012f0       0x30 .\CortexM3\ARM_GCC_541\Debug\135_motor_project.a(Control_Reg_3.o)
 .debug_frame   0x00001320       0x30 .\CortexM3\ARM_GCC_541\Debug\135_motor_project.a(Control_Reg_4.o)
 .debug_frame   0x00001350       0x30 .\CortexM3\ARM_GCC_541\Debug\135_motor_project.a(Control_Reg_6.o)
 .debug_frame   0x00001380       0x30 .\CortexM3\ARM_GCC_541\Debug\135_motor_project.a(Control_Reg_5.o)
 .debug_frame   0x000013b0      0x108 .\CortexM3\ARM_GCC_541\Debug\135_motor_project.a(Timer_1.o)
 .debug_frame   0x000014b8      0x104 .\CortexM3\ARM_GCC_541\Debug\135_motor_project.a(pulse_ready_isr.o)
 .debug_frame   0x000015bc      0x104 .\CortexM3\ARM_GCC_541\Debug\135_motor_project.a(pos_reset.o)
 .debug_frame   0x000016c0      0x194 .\CortexM3\ARM_GCC_541\Debug\135_motor_project.a(CyFlash.o)
 .debug_frame   0x00001854      0x180 .\CortexM3\ARM_GCC_541\Debug\135_motor_project.a(CySpc.o)
 .debug_frame   0x000019d4       0x20 c:/program files (x86)/cypress/psoc creator/4.2/psoc creator/import/gnu/arm/5.4.1/bin/../lib/gcc/arm-none-eabi/5.4.1/../../../../arm-none-eabi/lib/armv7-m\libg_nano.a(lib_a-errno.o)
 .debug_frame   0x000019f4       0x28 c:/program files (x86)/cypress/psoc creator/4.2/psoc creator/import/gnu/arm/5.4.1/bin/../lib/gcc/arm-none-eabi/5.4.1/../../../../arm-none-eabi/lib/armv7-m\libg_nano.a(lib_a-exit.o)
 .debug_frame   0x00001a1c       0x2c c:/program files (x86)/cypress/psoc creator/4.2/psoc creator/import/gnu/arm/5.4.1/bin/../lib/gcc/arm-none-eabi/5.4.1/../../../../arm-none-eabi/lib/armv7-m\libg_nano.a(lib_a-init.o)
 .debug_frame   0x00001a48       0x28 c:/program files (x86)/cypress/psoc creator/4.2/psoc creator/import/gnu/arm/5.4.1/bin/../lib/gcc/arm-none-eabi/5.4.1/../../../../arm-none-eabi/lib/armv7-m\libg_nano.a(lib_a-memcpy-stub.o)
 .debug_frame   0x00001a70       0x20 c:/program files (x86)/cypress/psoc creator/4.2/psoc creator/import/gnu/arm/5.4.1/bin/../lib/gcc/arm-none-eabi/5.4.1/../../../../arm-none-eabi/lib/armv7-m\libg_nano.a(lib_a-memset.o)
 .debug_frame   0x00001a90       0x8c c:/program files (x86)/cypress/psoc creator/4.2/psoc creator/import/gnu/arm/5.4.1/bin/../lib/gcc/arm-none-eabi/5.4.1/../../../../arm-none-eabi/lib/armv7-m\libg_nano.a(lib_a-nano-vfprintf_float.o)
 .debug_frame   0x00001b1c       0x60 c:/program files (x86)/cypress/psoc creator/4.2/psoc creator/import/gnu/arm/5.4.1/bin/../lib/gcc/arm-none-eabi/5.4.1/../../../../arm-none-eabi/lib/armv7-m\libg_nano.a(lib_a-nano-vfprintf_i.o)
 .debug_frame   0x00001b7c       0x74 c:/program files (x86)/cypress/psoc creator/4.2/psoc creator/import/gnu/arm/5.4.1/bin/../lib/gcc/arm-none-eabi/5.4.1/../../../../arm-none-eabi/lib/armv7-m\libg_nano.a(lib_a-printf.o)
 .debug_frame   0x00001bf0       0x6c c:/program files (x86)/cypress/psoc creator/4.2/psoc creator/import/gnu/arm/5.4.1/bin/../lib/gcc/arm-none-eabi/5.4.1/../../../../arm-none-eabi/lib/armv7-m\libg_nano.a(lib_a-dtoa.o)
 .debug_frame   0x00001c5c      0x11c c:/program files (x86)/cypress/psoc creator/4.2/psoc creator/import/gnu/arm/5.4.1/bin/../lib/gcc/arm-none-eabi/5.4.1/../../../../arm-none-eabi/lib/armv7-m\libg_nano.a(lib_a-findfp.o)
 .debug_frame   0x00001d78       0x54 c:/program files (x86)/cypress/psoc creator/4.2/psoc creator/import/gnu/arm/5.4.1/bin/../lib/gcc/arm-none-eabi/5.4.1/../../../../arm-none-eabi/lib/armv7-m\libg_nano.a(lib_a-fwalk.o)
 .debug_frame   0x00001dcc       0x98 c:/program files (x86)/cypress/psoc creator/4.2/psoc creator/import/gnu/arm/5.4.1/bin/../lib/gcc/arm-none-eabi/5.4.1/../../../../arm-none-eabi/lib/armv7-m\libg_nano.a(lib_a-locale.o)
 .debug_frame   0x00001e64       0x30 c:/program files (x86)/cypress/psoc creator/4.2/psoc creator/import/gnu/arm/5.4.1/bin/../lib/gcc/arm-none-eabi/5.4.1/../../../../arm-none-eabi/lib/armv7-m\libg_nano.a(lib_a-malloc.o)
 .debug_frame   0x00001e94       0x28 c:/program files (x86)/cypress/psoc creator/4.2/psoc creator/import/gnu/arm/5.4.1/bin/../lib/gcc/arm-none-eabi/5.4.1/../../../../arm-none-eabi/lib/armv7-m\libg_nano.a(lib_a-memchr-stub.o)
 .debug_frame   0x00001ebc      0x234 c:/program files (x86)/cypress/psoc creator/4.2/psoc creator/import/gnu/arm/5.4.1/bin/../lib/gcc/arm-none-eabi/5.4.1/../../../../arm-none-eabi/lib/armv7-m\libg_nano.a(lib_a-mprec.o)
 .debug_frame   0x000020f0       0x2c c:/program files (x86)/cypress/psoc creator/4.2/psoc creator/import/gnu/arm/5.4.1/bin/../lib/gcc/arm-none-eabi/5.4.1/../../../../arm-none-eabi/lib/armv7-m\libg_nano.a(lib_a-nano-callocr.o)
 .debug_frame   0x0000211c       0x38 c:/program files (x86)/cypress/psoc creator/4.2/psoc creator/import/gnu/arm/5.4.1/bin/../lib/gcc/arm-none-eabi/5.4.1/../../../../arm-none-eabi/lib/armv7-m\libg_nano.a(lib_a-nano-freer.o)
 .debug_frame   0x00002154       0x2c c:/program files (x86)/cypress/psoc creator/4.2/psoc creator/import/gnu/arm/5.4.1/bin/../lib/gcc/arm-none-eabi/5.4.1/../../../../arm-none-eabi/lib/armv7-m\libg_nano.a(lib_a-nano-mallocr.o)
 .debug_frame   0x00002180       0xac c:/program files (x86)/cypress/psoc creator/4.2/psoc creator/import/gnu/arm/5.4.1/bin/../lib/gcc/arm-none-eabi/5.4.1/../../../../arm-none-eabi/lib/armv7-m\libg_nano.a(lib_a-nano-vfprintf.o)
 .debug_frame   0x0000222c       0x2c c:/program files (x86)/cypress/psoc creator/4.2/psoc creator/import/gnu/arm/5.4.1/bin/../lib/gcc/arm-none-eabi/5.4.1/../../../../arm-none-eabi/lib/armv7-m\libg_nano.a(lib_a-sbrkr.o)
 .debug_frame   0x00002258       0x88 c:/program files (x86)/cypress/psoc creator/4.2/psoc creator/import/gnu/arm/5.4.1/bin/../lib/gcc/arm-none-eabi/5.4.1/../../../../arm-none-eabi/lib/armv7-m\libg_nano.a(lib_a-stdio.o)
 .debug_frame   0x000022e0       0x20 c:/program files (x86)/cypress/psoc creator/4.2/psoc creator/import/gnu/arm/5.4.1/bin/../lib/gcc/arm-none-eabi/5.4.1/../../../../arm-none-eabi/lib/armv7-m\libg_nano.a(lib_a-strcmp.o)
 .debug_frame   0x00002300       0x40 c:/program files (x86)/cypress/psoc creator/4.2/psoc creator/import/gnu/arm/5.4.1/bin/../lib/gcc/arm-none-eabi/5.4.1/../../../../arm-none-eabi/lib/armv7-m\libg_nano.a(lib_a-wbuf.o)
 .debug_frame   0x00002340       0x2c c:/program files (x86)/cypress/psoc creator/4.2/psoc creator/import/gnu/arm/5.4.1/bin/../lib/gcc/arm-none-eabi/5.4.1/../../../../arm-none-eabi/lib/armv7-m\libg_nano.a(lib_a-writer.o)
 .debug_frame   0x0000236c       0x2c c:/program files (x86)/cypress/psoc creator/4.2/psoc creator/import/gnu/arm/5.4.1/bin/../lib/gcc/arm-none-eabi/5.4.1/../../../../arm-none-eabi/lib/armv7-m\libg_nano.a(lib_a-wsetup.o)
 .debug_frame   0x00002398       0x2c c:/program files (x86)/cypress/psoc creator/4.2/psoc creator/import/gnu/arm/5.4.1/bin/../lib/gcc/arm-none-eabi/5.4.1/../../../../arm-none-eabi/lib/armv7-m\libg_nano.a(lib_a-closer.o)
 .debug_frame   0x000023c4       0x68 c:/program files (x86)/cypress/psoc creator/4.2/psoc creator/import/gnu/arm/5.4.1/bin/../lib/gcc/arm-none-eabi/5.4.1/../../../../arm-none-eabi/lib/armv7-m\libg_nano.a(lib_a-fflush.o)
 .debug_frame   0x0000242c       0x3c c:/program files (x86)/cypress/psoc creator/4.2/psoc creator/import/gnu/arm/5.4.1/bin/../lib/gcc/arm-none-eabi/5.4.1/../../../../arm-none-eabi/lib/armv7-m\libg_nano.a(lib_a-fvwrite.o)
 .debug_frame   0x00002468       0x2c c:/program files (x86)/cypress/psoc creator/4.2/psoc creator/import/gnu/arm/5.4.1/bin/../lib/gcc/arm-none-eabi/5.4.1/../../../../arm-none-eabi/lib/armv7-m\libg_nano.a(lib_a-lseekr.o)
 .debug_frame   0x00002494       0x54 c:/program files (x86)/cypress/psoc creator/4.2/psoc creator/import/gnu/arm/5.4.1/bin/../lib/gcc/arm-none-eabi/5.4.1/../../../../arm-none-eabi/lib/armv7-m\libg_nano.a(lib_a-makebuf.o)
 .debug_frame   0x000024e8       0x28 c:/program files (x86)/cypress/psoc creator/4.2/psoc creator/import/gnu/arm/5.4.1/bin/../lib/gcc/arm-none-eabi/5.4.1/../../../../arm-none-eabi/lib/armv7-m\libg_nano.a(lib_a-memmove.o)
 .debug_frame   0x00002510       0x30 c:/program files (x86)/cypress/psoc creator/4.2/psoc creator/import/gnu/arm/5.4.1/bin/../lib/gcc/arm-none-eabi/5.4.1/../../../../arm-none-eabi/lib/armv7-m\libg_nano.a(lib_a-mlock.o)
 .debug_frame   0x00002540       0x3c c:/program files (x86)/cypress/psoc creator/4.2/psoc creator/import/gnu/arm/5.4.1/bin/../lib/gcc/arm-none-eabi/5.4.1/../../../../arm-none-eabi/lib/armv7-m\libg_nano.a(lib_a-nano-reallocr.o)
 .debug_frame   0x0000257c       0x2c c:/program files (x86)/cypress/psoc creator/4.2/psoc creator/import/gnu/arm/5.4.1/bin/../lib/gcc/arm-none-eabi/5.4.1/../../../../arm-none-eabi/lib/armv7-m\libg_nano.a(lib_a-readr.o)
 .debug_frame   0x000025a8       0x5c c:/program files (x86)/cypress/psoc creator/4.2/psoc creator/import/gnu/arm/5.4.1/bin/../lib/gcc/arm-none-eabi/5.4.1/../../../../arm-none-eabi/lib/armv7-m\libg_nano.a(lib_a-reent.o)
 .debug_frame   0x00002604       0x2c c:/program files (x86)/cypress/psoc creator/4.2/psoc creator/import/gnu/arm/5.4.1/bin/../lib/gcc/arm-none-eabi/5.4.1/../../../../arm-none-eabi/lib/armv7-m\libg_nano.a(lib_a-fstatr.o)
 .debug_frame   0x00002630       0x2c c:/program files (x86)/cypress/psoc creator/4.2/psoc creator/import/gnu/arm/5.4.1/bin/../lib/gcc/arm-none-eabi/5.4.1/../../../../arm-none-eabi/lib/armv7-m\libg_nano.a(lib_a-isattyr.o)
 .debug_frame   0x0000265c       0x20 c:/program files (x86)/cypress/psoc creator/4.2/psoc creator/import/gnu/arm/5.4.1/bin/../lib/gcc/arm-none-eabi/5.4.1/../../../../arm-none-eabi/lib/armv7-m\libg_nano.a(lib_a-nano-msizer.o)
 .debug_frame   0x0000267c       0x20 c:/program files (x86)/cypress/psoc creator/4.2/psoc creator/import/gnu/arm/5.4.1/bin/../lib/gcc/arm-none-eabi/5.4.1/../../../../arm-none-eabi/lib/armv7-m\libnosys.a(close.o)
 .debug_frame   0x0000269c       0x20 c:/program files (x86)/cypress/psoc creator/4.2/psoc creator/import/gnu/arm/5.4.1/bin/../lib/gcc/arm-none-eabi/5.4.1/../../../../arm-none-eabi/lib/armv7-m\libnosys.a(fstat.o)
 .debug_frame   0x000026bc       0x20 c:/program files (x86)/cypress/psoc creator/4.2/psoc creator/import/gnu/arm/5.4.1/bin/../lib/gcc/arm-none-eabi/5.4.1/../../../../arm-none-eabi/lib/armv7-m\libnosys.a(isatty.o)
 .debug_frame   0x000026dc       0x20 c:/program files (x86)/cypress/psoc creator/4.2/psoc creator/import/gnu/arm/5.4.1/bin/../lib/gcc/arm-none-eabi/5.4.1/../../../../arm-none-eabi/lib/armv7-m\libnosys.a(lseek.o)
 .debug_frame   0x000026fc       0x20 c:/program files (x86)/cypress/psoc creator/4.2/psoc creator/import/gnu/arm/5.4.1/bin/../lib/gcc/arm-none-eabi/5.4.1/../../../../arm-none-eabi/lib/armv7-m\libnosys.a(read.o)

.debug_str      0x00000000     0x21ed
 *(.debug_str)
 .debug_str     0x00000000      0x323 .\CortexM3\ARM_GCC_541\Debug\main.o
                                0x36b (size before relaxing)
 .debug_str     0x00000323       0x20 .\CortexM3\ARM_GCC_541\Debug\util.o
                                 0xe4 (size before relaxing)
 .debug_str     0x00000343      0x1bc .\CortexM3\ARM_GCC_541\Debug\cyfitter_cfg.o
                                0x339 (size before relaxing)
 .debug_str     0x000004ff       0x7f .\CortexM3\ARM_GCC_541\Debug\cymetadata.o
                                0x1d3 (size before relaxing)
 .debug_str     0x0000057e      0x13e .\CortexM3\ARM_GCC_541\Debug\Cm3Start.o
                                0x2f9 (size before relaxing)
 .debug_str     0x000006bc      0x1bf .\CortexM3\ARM_GCC_541\Debug\135_motor_project.a(PWM_1.o)
                                0x340 (size before relaxing)
 .debug_str     0x0000087b      0x80a .\CortexM3\ARM_GCC_541\Debug\135_motor_project.a(CyLib.o)
                                0xa36 (size before relaxing)
 .debug_str     0x00001085      0x365 .\CortexM3\ARM_GCC_541\Debug\135_motor_project.a(cyPm.o)
                                0x722 (size before relaxing)
 .debug_str     0x000013ea       0x3a .\CortexM3\ARM_GCC_541\Debug\135_motor_project.a(Control_Reg_1.o)
                                0x1b6 (size before relaxing)
 .debug_str     0x00001424      0x159 .\CortexM3\ARM_GCC_541\Debug\135_motor_project.a(PWM_2.o)
                                0x340 (size before relaxing)
 .debug_str     0x0000157d       0x3a .\CortexM3\ARM_GCC_541\Debug\135_motor_project.a(Control_Reg_2.o)
                                0x1b6 (size before relaxing)
 .debug_str     0x000015b7       0x86 .\CortexM3\ARM_GCC_541\Debug\135_motor_project.a(Pin_1.o)
                                0x20d (size before relaxing)
 .debug_str     0x0000163d      0x27a .\CortexM3\ARM_GCC_541\Debug\135_motor_project.a(UART.o)
                                0x464 (size before relaxing)
 .debug_str     0x000018b7      0x183 .\CortexM3\ARM_GCC_541\Debug\135_motor_project.a(UART_IntClock.o)
                                0x325 (size before relaxing)
 .debug_str     0x00001a3a       0xd7 .\CortexM3\ARM_GCC_541\Debug\135_motor_project.a(isr_rx.o)
                                0x2a3 (size before relaxing)
 .debug_str     0x00001b11       0x3a .\CortexM3\ARM_GCC_541\Debug\135_motor_project.a(Control_Reg_3.o)
                                0x1b6 (size before relaxing)
 .debug_str     0x00001b4b       0x3a .\CortexM3\ARM_GCC_541\Debug\135_motor_project.a(Control_Reg_4.o)
                                0x1b6 (size before relaxing)
 .debug_str     0x00001b85       0x3a .\CortexM3\ARM_GCC_541\Debug\135_motor_project.a(Control_Reg_6.o)
                                0x1b6 (size before relaxing)
 .debug_str     0x00001bbf       0x3a .\CortexM3\ARM_GCC_541\Debug\135_motor_project.a(Control_Reg_5.o)
                                0x1b6 (size before relaxing)
 .debug_str     0x00001bf9      0x14f .\CortexM3\ARM_GCC_541\Debug\135_motor_project.a(Timer_1.o)
                                0x304 (size before relaxing)
 .debug_str     0x00001d48      0x143 .\CortexM3\ARM_GCC_541\Debug\135_motor_project.a(pulse_ready_isr.o)
                                0x321 (size before relaxing)
 .debug_str     0x00001e8b       0xfb .\CortexM3\ARM_GCC_541\Debug\135_motor_project.a(pos_reset.o)
                                0x2cd (size before relaxing)
 .debug_str     0x00001f86      0x1bb .\CortexM3\ARM_GCC_541\Debug\135_motor_project.a(CyFlash.o)
                                0x3af (size before relaxing)
 .debug_str     0x00002141       0xac .\CortexM3\ARM_GCC_541\Debug\135_motor_project.a(CySpc.o)
                                0x327 (size before relaxing)

.debug_loc      0x00000000     0x2052
 *(.debug_loc)
 .debug_loc     0x00000000       0x87 .\CortexM3\ARM_GCC_541\Debug\util.o
 .debug_loc     0x00000087      0x289 .\CortexM3\ARM_GCC_541\Debug\cyfitter_cfg.o
 .debug_loc     0x00000310      0x144 .\CortexM3\ARM_GCC_541\Debug\Cm3Start.o
 .debug_loc     0x00000454       0x26 .\CortexM3\ARM_GCC_541\Debug\135_motor_project.a(PWM_1.o)
 .debug_loc     0x0000047a      0xa11 .\CortexM3\ARM_GCC_541\Debug\135_motor_project.a(CyLib.o)
 .debug_loc     0x00000e8b      0x1e4 .\CortexM3\ARM_GCC_541\Debug\135_motor_project.a(cyPm.o)
 .debug_loc     0x0000106f       0x26 .\CortexM3\ARM_GCC_541\Debug\135_motor_project.a(PWM_2.o)
 .debug_loc     0x00001095       0x84 .\CortexM3\ARM_GCC_541\Debug\135_motor_project.a(Pin_1.o)
 .debug_loc     0x00001119      0x258 .\CortexM3\ARM_GCC_541\Debug\135_motor_project.a(UART.o)
 .debug_loc     0x00001371      0x128 .\CortexM3\ARM_GCC_541\Debug\135_motor_project.a(UART_IntClock.o)
 .debug_loc     0x00001499       0x56 .\CortexM3\ARM_GCC_541\Debug\135_motor_project.a(isr_rx.o)
 .debug_loc     0x000014ef       0x56 .\CortexM3\ARM_GCC_541\Debug\135_motor_project.a(pulse_ready_isr.o)
 .debug_loc     0x00001545       0x56 .\CortexM3\ARM_GCC_541\Debug\135_motor_project.a(pos_reset.o)
 .debug_loc     0x0000159b      0x3b2 .\CortexM3\ARM_GCC_541\Debug\135_motor_project.a(CyFlash.o)
 .debug_loc     0x0000194d      0x705 .\CortexM3\ARM_GCC_541\Debug\135_motor_project.a(CySpc.o)

.debug_macinfo
 *(.debug_macinfo)

.debug_ranges   0x00000000      0x998
 *(.debug_ranges)
 .debug_ranges  0x00000000       0x28 .\CortexM3\ARM_GCC_541\Debug\main.o
 .debug_ranges  0x00000028       0x10 .\CortexM3\ARM_GCC_541\Debug\util.o
 .debug_ranges  0x00000038       0x48 .\CortexM3\ARM_GCC_541\Debug\cyfitter_cfg.o
 .debug_ranges  0x00000080       0x38 .\CortexM3\ARM_GCC_541\Debug\Cm3Start.o
 .debug_ranges  0x000000b8       0x88 .\CortexM3\ARM_GCC_541\Debug\135_motor_project.a(PWM_1.o)
 .debug_ranges  0x00000140      0x290 .\CortexM3\ARM_GCC_541\Debug\135_motor_project.a(CyLib.o)
 .debug_ranges  0x000003d0       0x88 .\CortexM3\ARM_GCC_541\Debug\135_motor_project.a(cyPm.o)
 .debug_ranges  0x00000458       0x18 .\CortexM3\ARM_GCC_541\Debug\135_motor_project.a(Control_Reg_1.o)
 .debug_ranges  0x00000470       0x88 .\CortexM3\ARM_GCC_541\Debug\135_motor_project.a(PWM_2.o)
 .debug_ranges  0x000004f8       0x18 .\CortexM3\ARM_GCC_541\Debug\135_motor_project.a(Control_Reg_2.o)
 .debug_ranges  0x00000510       0x38 .\CortexM3\ARM_GCC_541\Debug\135_motor_project.a(Pin_1.o)
 .debug_ranges  0x00000548       0xe0 .\CortexM3\ARM_GCC_541\Debug\135_motor_project.a(UART.o)
 .debug_ranges  0x00000628       0x60 .\CortexM3\ARM_GCC_541\Debug\135_motor_project.a(UART_IntClock.o)
 .debug_ranges  0x00000688       0x70 .\CortexM3\ARM_GCC_541\Debug\135_motor_project.a(isr_rx.o)
 .debug_ranges  0x000006f8       0x18 .\CortexM3\ARM_GCC_541\Debug\135_motor_project.a(Control_Reg_3.o)
 .debug_ranges  0x00000710       0x18 .\CortexM3\ARM_GCC_541\Debug\135_motor_project.a(Control_Reg_4.o)
 .debug_ranges  0x00000728       0x18 .\CortexM3\ARM_GCC_541\Debug\135_motor_project.a(Control_Reg_6.o)
 .debug_ranges  0x00000740       0x18 .\CortexM3\ARM_GCC_541\Debug\135_motor_project.a(Control_Reg_5.o)
 .debug_ranges  0x00000758       0x78 .\CortexM3\ARM_GCC_541\Debug\135_motor_project.a(Timer_1.o)
 .debug_ranges  0x000007d0       0x70 .\CortexM3\ARM_GCC_541\Debug\135_motor_project.a(pulse_ready_isr.o)
 .debug_ranges  0x00000840       0x70 .\CortexM3\ARM_GCC_541\Debug\135_motor_project.a(pos_reset.o)
 .debug_ranges  0x000008b0       0x78 .\CortexM3\ARM_GCC_541\Debug\135_motor_project.a(CyFlash.o)
 .debug_ranges  0x00000928       0x70 .\CortexM3\ARM_GCC_541\Debug\135_motor_project.a(CySpc.o)

.comment        0x00000000       0x6e
 .comment       0x00000000       0x6e .\CortexM3\ARM_GCC_541\Debug\main.o
                                 0x6f (size before relaxing)
 .comment       0x0000006e       0x6f .\CortexM3\ARM_GCC_541\Debug\util.o
 .comment       0x0000006e       0x6f .\CortexM3\ARM_GCC_541\Debug\cyfitter_cfg.o
 .comment       0x0000006e       0x6f .\CortexM3\ARM_GCC_541\Debug\cymetadata.o
 .comment       0x0000006e       0x6f .\CortexM3\ARM_GCC_541\Debug\Cm3Start.o
 .comment       0x0000006e       0x6f .\CortexM3\ARM_GCC_541\Debug\135_motor_project.a(PWM_1.o)
 .comment       0x0000006e       0x6f .\CortexM3\ARM_GCC_541\Debug\135_motor_project.a(CyLib.o)
 .comment       0x0000006e       0x6f .\CortexM3\ARM_GCC_541\Debug\135_motor_project.a(cyPm.o)
 .comment       0x0000006e       0x6f .\CortexM3\ARM_GCC_541\Debug\135_motor_project.a(Control_Reg_1.o)
 .comment       0x0000006e       0x6f .\CortexM3\ARM_GCC_541\Debug\135_motor_project.a(PWM_2.o)
 .comment       0x0000006e       0x6f .\CortexM3\ARM_GCC_541\Debug\135_motor_project.a(Control_Reg_2.o)
 .comment       0x0000006e       0x6f .\CortexM3\ARM_GCC_541\Debug\135_motor_project.a(Pin_1.o)
 .comment       0x0000006e       0x6f .\CortexM3\ARM_GCC_541\Debug\135_motor_project.a(UART.o)
 .comment       0x0000006e       0x6f .\CortexM3\ARM_GCC_541\Debug\135_motor_project.a(UART_IntClock.o)
 .comment       0x0000006e       0x6f .\CortexM3\ARM_GCC_541\Debug\135_motor_project.a(isr_rx.o)
 .comment       0x0000006e       0x6f .\CortexM3\ARM_GCC_541\Debug\135_motor_project.a(Control_Reg_3.o)
 .comment       0x0000006e       0x6f .\CortexM3\ARM_GCC_541\Debug\135_motor_project.a(Control_Reg_4.o)
 .comment       0x0000006e       0x6f .\CortexM3\ARM_GCC_541\Debug\135_motor_project.a(Control_Reg_6.o)
 .comment       0x0000006e       0x6f .\CortexM3\ARM_GCC_541\Debug\135_motor_project.a(Control_Reg_5.o)
 .comment       0x0000006e       0x6f .\CortexM3\ARM_GCC_541\Debug\135_motor_project.a(Timer_1.o)
 .comment       0x0000006e       0x6f .\CortexM3\ARM_GCC_541\Debug\135_motor_project.a(pulse_ready_isr.o)
 .comment       0x0000006e       0x6f .\CortexM3\ARM_GCC_541\Debug\135_motor_project.a(pos_reset.o)
 .comment       0x0000006e       0x6f .\CortexM3\ARM_GCC_541\Debug\135_motor_project.a(CyFlash.o)
 .comment       0x0000006e       0x6f .\CortexM3\ARM_GCC_541\Debug\135_motor_project.a(CySpc.o)

.debug_weaknames
 *(.debug_weaknames)

.debug_funcnames
 *(.debug_funcnames)

.debug_typenames
 *(.debug_typenames)

.debug_varnames
 *(.debug_varnames)

.note.gnu.arm.ident
 *(.note.gnu.arm.ident)

.ARM.attributes
                0x00000000       0x29
 *(.ARM.attributes)
 .ARM.attributes
                0x00000000       0x1d c:/program files (x86)/cypress/psoc creator/4.2/psoc creator/import/gnu/arm/5.4.1/bin/../lib/gcc/arm-none-eabi/5.4.1/armv7-m/crti.o
 .ARM.attributes
                0x0000001d       0x2d c:/program files (x86)/cypress/psoc creator/4.2/psoc creator/import/gnu/arm/5.4.1/bin/../lib/gcc/arm-none-eabi/5.4.1/armv7-m/crtbegin.o
 .ARM.attributes
                0x0000004a       0x1b c:/program files (x86)/cypress/psoc creator/4.2/psoc creator/import/gnu/arm/5.4.1/bin/../lib/gcc/arm-none-eabi/5.4.1/../../../../arm-none-eabi/lib/armv7-m/crt0.o
 .ARM.attributes
                0x00000065       0x33 .\CortexM3\ARM_GCC_541\Debug\main.o
 .ARM.attributes
                0x00000098       0x33 .\CortexM3\ARM_GCC_541\Debug\util.o
 .ARM.attributes
                0x000000cb       0x33 .\CortexM3\ARM_GCC_541\Debug\cyfitter_cfg.o
 .ARM.attributes
                0x000000fe       0x33 .\CortexM3\ARM_GCC_541\Debug\cymetadata.o
 .ARM.attributes
                0x00000131       0x33 .\CortexM3\ARM_GCC_541\Debug\Cm3Start.o
 .ARM.attributes
                0x00000164       0x33 .\CortexM3\ARM_GCC_541\Debug\135_motor_project.a(PWM_1.o)
 .ARM.attributes
                0x00000197       0x33 .\CortexM3\ARM_GCC_541\Debug\135_motor_project.a(CyLib.o)
 .ARM.attributes
                0x000001ca       0x33 .\CortexM3\ARM_GCC_541\Debug\135_motor_project.a(cyPm.o)
 .ARM.attributes
                0x000001fd       0x33 .\CortexM3\ARM_GCC_541\Debug\135_motor_project.a(Control_Reg_1.o)
 .ARM.attributes
                0x00000230       0x33 .\CortexM3\ARM_GCC_541\Debug\135_motor_project.a(PWM_2.o)
 .ARM.attributes
                0x00000263       0x33 .\CortexM3\ARM_GCC_541\Debug\135_motor_project.a(Control_Reg_2.o)
 .ARM.attributes
                0x00000296       0x33 .\CortexM3\ARM_GCC_541\Debug\135_motor_project.a(Pin_1.o)
 .ARM.attributes
                0x000002c9       0x33 .\CortexM3\ARM_GCC_541\Debug\135_motor_project.a(UART.o)
 .ARM.attributes
                0x000002fc       0x33 .\CortexM3\ARM_GCC_541\Debug\135_motor_project.a(UART_IntClock.o)
 .ARM.attributes
                0x0000032f       0x33 .\CortexM3\ARM_GCC_541\Debug\135_motor_project.a(isr_rx.o)
 .ARM.attributes